Archive member included to satisfy reference by file (symbol)

/home/alex/.local/share/renesas/e2_studio/toolchains/gcc_arm_aarch64/10_2021_07/gcc-arm-10.3-2021.07-x86_64-aarch64-none-elf/bin/../lib/gcc/aarch64-none-elf/10.3.1/../../../../aarch64-none-elf/lib/libg.a(lib_a-atexit.o)
                              /home/alex/.local/share/renesas/e2_studio/toolchains/gcc_arm_aarch64/10_2021_07/gcc-arm-10.3-2021.07-x86_64-aarch64-none-elf/bin/../lib/gcc/aarch64-none-elf/10.3.1/../../../../aarch64-none-elf/lib/crt0.o (atexit)
/home/alex/.local/share/renesas/e2_studio/toolchains/gcc_arm_aarch64/10_2021_07/gcc-arm-10.3-2021.07-x86_64-aarch64-none-elf/bin/../lib/gcc/aarch64-none-elf/10.3.1/../../../../aarch64-none-elf/lib/libg.a(lib_a-errno.o)
                              ./rza/fsp/src/bsp/mcu/all/bsp_sbrk.o (__errno)
/home/alex/.local/share/renesas/e2_studio/toolchains/gcc_arm_aarch64/10_2021_07/gcc-arm-10.3-2021.07-x86_64-aarch64-none-elf/bin/../lib/gcc/aarch64-none-elf/10.3.1/../../../../aarch64-none-elf/lib/libg.a(lib_a-exit.o)
                              /home/alex/.local/share/renesas/e2_studio/toolchains/gcc_arm_aarch64/10_2021_07/gcc-arm-10.3-2021.07-x86_64-aarch64-none-elf/bin/../lib/gcc/aarch64-none-elf/10.3.1/../../../../aarch64-none-elf/lib/crt0.o (exit)
/home/alex/.local/share/renesas/e2_studio/toolchains/gcc_arm_aarch64/10_2021_07/gcc-arm-10.3-2021.07-x86_64-aarch64-none-elf/bin/../lib/gcc/aarch64-none-elf/10.3.1/../../../../aarch64-none-elf/lib/libg.a(lib_a-fini.o)
                              /home/alex/.local/share/renesas/e2_studio/toolchains/gcc_arm_aarch64/10_2021_07/gcc-arm-10.3-2021.07-x86_64-aarch64-none-elf/bin/../lib/gcc/aarch64-none-elf/10.3.1/../../../../aarch64-none-elf/lib/crt0.o (__libc_fini_array)
/home/alex/.local/share/renesas/e2_studio/toolchains/gcc_arm_aarch64/10_2021_07/gcc-arm-10.3-2021.07-x86_64-aarch64-none-elf/bin/../lib/gcc/aarch64-none-elf/10.3.1/../../../../aarch64-none-elf/lib/libg.a(lib_a-impure.o)
                              /home/alex/.local/share/renesas/e2_studio/toolchains/gcc_arm_aarch64/10_2021_07/gcc-arm-10.3-2021.07-x86_64-aarch64-none-elf/bin/../lib/gcc/aarch64-none-elf/10.3.1/../../../../aarch64-none-elf/lib/libg.a(lib_a-exit.o) (_global_impure_ptr)
/home/alex/.local/share/renesas/e2_studio/toolchains/gcc_arm_aarch64/10_2021_07/gcc-arm-10.3-2021.07-x86_64-aarch64-none-elf/bin/../lib/gcc/aarch64-none-elf/10.3.1/../../../../aarch64-none-elf/lib/libg.a(lib_a-init.o)
                              /home/alex/.local/share/renesas/e2_studio/toolchains/gcc_arm_aarch64/10_2021_07/gcc-arm-10.3-2021.07-x86_64-aarch64-none-elf/bin/../lib/gcc/aarch64-none-elf/10.3.1/../../../../aarch64-none-elf/lib/crt0.o (__libc_init_array)
/home/alex/.local/share/renesas/e2_studio/toolchains/gcc_arm_aarch64/10_2021_07/gcc-arm-10.3-2021.07-x86_64-aarch64-none-elf/bin/../lib/gcc/aarch64-none-elf/10.3.1/../../../../aarch64-none-elf/lib/libg.a(lib_a-memcpy.o)
                              ./src/SerialCompatibility.o (memcpy)
/home/alex/.local/share/renesas/e2_studio/toolchains/gcc_arm_aarch64/10_2021_07/gcc-arm-10.3-2021.07-x86_64-aarch64-none-elf/bin/../lib/gcc/aarch64-none-elf/10.3.1/../../../../aarch64-none-elf/lib/libg.a(lib_a-memset.o)
                              /home/alex/.local/share/renesas/e2_studio/toolchains/gcc_arm_aarch64/10_2021_07/gcc-arm-10.3-2021.07-x86_64-aarch64-none-elf/bin/../lib/gcc/aarch64-none-elf/10.3.1/../../../../aarch64-none-elf/lib/crt0.o (memset)
/home/alex/.local/share/renesas/e2_studio/toolchains/gcc_arm_aarch64/10_2021_07/gcc-arm-10.3-2021.07-x86_64-aarch64-none-elf/bin/../lib/gcc/aarch64-none-elf/10.3.1/../../../../aarch64-none-elf/lib/libg.a(lib_a-__atexit.o)
                              /home/alex/.local/share/renesas/e2_studio/toolchains/gcc_arm_aarch64/10_2021_07/gcc-arm-10.3-2021.07-x86_64-aarch64-none-elf/bin/../lib/gcc/aarch64-none-elf/10.3.1/../../../../aarch64-none-elf/lib/libg.a(lib_a-atexit.o) (__register_exitproc)
/home/alex/.local/share/renesas/e2_studio/toolchains/gcc_arm_aarch64/10_2021_07/gcc-arm-10.3-2021.07-x86_64-aarch64-none-elf/bin/../lib/gcc/aarch64-none-elf/10.3.1/../../../../aarch64-none-elf/lib/libg.a(lib_a-__call_atexit.o)
                              /home/alex/.local/share/renesas/e2_studio/toolchains/gcc_arm_aarch64/10_2021_07/gcc-arm-10.3-2021.07-x86_64-aarch64-none-elf/bin/../lib/gcc/aarch64-none-elf/10.3.1/../../../../aarch64-none-elf/lib/libg.a(lib_a-exit.o) (__call_exitprocs)

Discarded input sections

 .text          0x0000000000000000        0x0 /home/alex/.local/share/renesas/e2_studio/toolchains/gcc_arm_aarch64/10_2021_07/gcc-arm-10.3-2021.07-x86_64-aarch64-none-elf/bin/../lib/gcc/aarch64-none-elf/10.3.1/crti.o
 .data          0x0000000000000000        0x0 /home/alex/.local/share/renesas/e2_studio/toolchains/gcc_arm_aarch64/10_2021_07/gcc-arm-10.3-2021.07-x86_64-aarch64-none-elf/bin/../lib/gcc/aarch64-none-elf/10.3.1/crti.o
[...]
Memory Configuration

Name             Origin             Length             Attributes
SRAM_MMU         0x000000000001e000 0x0000000000005000 rw
SRAM             0x0000000000023000 0x000000000000d000 xrw
HEADER_REGION    0x0000000020020000 0x0000000000000200 xr
ENTRY_S          0x0000000020020200 0x0000000000000e00 xr
CODE_S           0x0000000020021000 0x00000000001ff000 xr
CACHED_RAM_S     0x00000000401fffe0 0x0000000007e00020 xrw
UNCACHED_RAM_S   0x0000000080000020 0x0000000007ffffe0 xrw
*default*        0x0000000000000000 0xffffffffffffffff

Linker script and memory map

LOAD /home/alex/.local/share/renesas/e2_studio/toolchains/gcc_arm_aarch64/10_2021_07/gcc-arm-10.3-2021.07-x86_64-aarch64-none-elf/bin/../lib/gcc/aarch64-none-elf/10.3.1/crti.o
LOAD /home/alex/.local/share/renesas/e2_studio/toolchains/gcc_arm_aarch64/10_2021_07/gcc-arm-10.3-2021.07-x86_64-aarch64-none-elf/bin/../lib/gcc/aarch64-none-elf/10.3.1/crtbegin.o
LOAD /home/alex/.local/share/renesas/e2_studio/toolchains/gcc_arm_aarch64/10_2021_07/gcc-arm-10.3-2021.07-x86_64-aarch64-none-elf/bin/../lib/gcc/aarch64-none-elf/10.3.1/../../../../aarch64-none-elf/lib/crt0.o
LOAD ./src/SerialCompatibility.o
LOAD ./src/computation.o
LOAD ./src/hal_entry.o
LOAD ./src/i2c_sensor.o
LOAD ./src/mmu_page_table.o
LOAD ./src/sections.o
LOAD ./src/spi_max31723.o
LOAD ./src/syscalls.o
LOAD ./rza_gen/common_data.o
LOAD ./rza_gen/hal_data.o
LOAD ./rza_gen/main.o
LOAD ./rza_gen/pin_data.o
LOAD ./rza_gen/vector_data.o
LOAD ./rza/fsp/src/r_scif_uart/r_scif_uart.o
LOAD ./rza/fsp/src/r_rspi/r_rspi.o
LOAD ./rza/fsp/src/r_riic_master/r_riic_master.o
LOAD ./rza/fsp/src/r_mmu/r_mmu.o
LOAD ./rza/fsp/src/r_ioport/r_ioport.o
LOAD ./rza/fsp/src/bsp/mcu/rza3m/bsp_clocks_setup.o
LOAD ./rza/fsp/src/bsp/mcu/rza3m/bsp_irq_sense.o
LOAD ./rza/fsp/src/bsp/mcu/all/bsp_clocks.o
LOAD ./rza/fsp/src/bsp/mcu/all/bsp_common.o
LOAD ./rza/fsp/src/bsp/mcu/all/bsp_delay.o
LOAD ./rza/fsp/src/bsp/mcu/all/bsp_delay_asm.o
LOAD ./rza/fsp/src/bsp/mcu/all/bsp_gicv3.o
LOAD ./rza/fsp/src/bsp/mcu/all/bsp_group_irq.o
LOAD ./rza/fsp/src/bsp/mcu/all/bsp_guard.o
LOAD ./rza/fsp/src/bsp/mcu/all/bsp_io.o
LOAD ./rza/fsp/src/bsp/mcu/all/bsp_irq.o
LOAD ./rza/fsp/src/bsp/mcu/all/bsp_rom_registers.o
LOAD ./rza/fsp/src/bsp/mcu/all/bsp_sbrk.o
LOAD ./rza/fsp/src/bsp/mcu/all/bsp_security.o
LOAD ./rza/fsp/src/bsp/cmsis/Device/RENESAS/Source/cache.o
LOAD ./rza/fsp/src/bsp/cmsis/Device/RENESAS/Source/default_handler.o
LOAD ./rza/fsp/src/bsp/cmsis/Device/RENESAS/Source/initsect.o
LOAD ./rza/fsp/src/bsp/cmsis/Device/RENESAS/Source/irq.o
LOAD ./rza/fsp/src/bsp/cmsis/Device/RENESAS/Source/irqfiq_handler.o
LOAD ./rza/fsp/src/bsp/cmsis/Device/RENESAS/Source/mmu.o
LOAD ./rza/fsp/src/bsp/cmsis/Device/RENESAS/Source/program_entry.o
LOAD ./rza/fsp/src/bsp/cmsis/Device/RENESAS/Source/startup.o
LOAD ./rza/fsp/src/bsp/cmsis/Device/RENESAS/Source/system.o
LOAD ./rza/fsp/src/bsp/cmsis/Device/RENESAS/Source/vector_table.o
START GROUP
END GROUP
LOAD /home/alex/.local/share/renesas/e2_studio/toolchains/gcc_arm_aarch64/10_2021_07/gcc-arm-10.3-2021.07-x86_64-aarch64-none-elf/bin/../lib/gcc/aarch64-none-elf/10.3.1/../../../../aarch64-none-elf/lib/libstdc++.a
LOAD /home/alex/.local/share/renesas/e2_studio/toolchains/gcc_arm_aarch64/10_2021_07/gcc-arm-10.3-2021.07-x86_64-aarch64-none-elf/bin/../lib/gcc/aarch64-none-elf/10.3.1/../../../../aarch64-none-elf/lib/libm.a
LOAD /home/alex/.local/share/renesas/e2_studio/toolchains/gcc_arm_aarch64/10_2021_07/gcc-arm-10.3-2021.07-x86_64-aarch64-none-elf/bin/../lib/gcc/aarch64-none-elf/10.3.1/libgcc.a
LOAD /home/alex/.local/share/renesas/e2_studio/toolchains/gcc_arm_aarch64/10_2021_07/gcc-arm-10.3-2021.07-x86_64-aarch64-none-elf/bin/../lib/gcc/aarch64-none-elf/10.3.1/../../../../aarch64-none-elf/lib/libg.a
LOAD /home/alex/.local/share/renesas/e2_studio/toolchains/gcc_arm_aarch64/10_2021_07/gcc-arm-10.3-2021.07-x86_64-aarch64-none-elf/bin/../lib/gcc/aarch64-none-elf/10.3.1/../../../../aarch64-none-elf/lib/libc.a
LOAD /home/alex/.local/share/renesas/e2_studio/toolchains/gcc_arm_aarch64/10_2021_07/gcc-arm-10.3-2021.07-x86_64-aarch64-none-elf/bin/../lib/gcc/aarch64-none-elf/10.3.1/libgcc.a
LOAD /home/alex/.local/share/renesas/e2_studio/toolchains/gcc_arm_aarch64/10_2021_07/gcc-arm-10.3-2021.07-x86_64-aarch64-none-elf/bin/../lib/gcc/aarch64-none-elf/10.3.1/crtend.o
LOAD /home/alex/.local/share/renesas/e2_studio/toolchains/gcc_arm_aarch64/10_2021_07/gcc-arm-10.3-2021.07-x86_64-aarch64-none-elf/bin/../lib/gcc/aarch64-none-elf/10.3.1/crtn.o
                0x0000000000010000                SRAM_START = 0x10000
                0x0000000000020000                SRAM_LENGTH = 0x20000
                0x0000000020000000                FLASH_START = 0x20000000
                0x0000000010000000                FLASH_LENGTH = 0x10000000
                0x0000000040000020                DDR_START = 0x40000020
                0x0000000007ffffe0                DDR_LENGTH = 0x7ffffe0
                0x000000000000e000                SRAM_RESERVED_LENGTH = 0xe000
                0x000000000001e000                SRAM_MMU_START = (SRAM_START + SRAM_RESERVED_LENGTH)
                0x0000000000005000                SRAM_MMU_LENGTH = 0x5000
                0x0000000000023000                SRAM_CODE_START = (SRAM_MMU_START + SRAM_MMU_LENGTH)
                0x000000000000d000                SRAM_CODE_LENGTH = ((SRAM_START + SRAM_LENGTH) - SRAM_CODE_START)
                0x0000000000020000                FLASH_IPL_LENGTH = 0x20000
                0x0000000020020000                FSP_HEADER_START = (FLASH_START + FLASH_IPL_LENGTH)
                0x0000000000000200                FSP_HEADER_LENGTH = 0x200
                0x0000000020020200                ENTRY_S_START = (FSP_HEADER_START + FSP_HEADER_LENGTH)
                0x0000000000000e00                ENTRY_S_LENGTH = 0xe00
                0x0000000020021000                CODE_S_START = (ENTRY_S_START + ENTRY_S_LENGTH)
                0x00000000001ff000                CODE_S_LENGTH = 0x1ff000
                0x00000000001fffc0                FSP_DDR_OFFSET_A3UL = 0x1fffc0
                0x00000000001fffe0                FSP_DDR_OFFSET_A3M = 0x1fffe0
                0x00000000001fffc0                FSP_DDR_OFFSET = FSP_DDR_OFFSET_A3UL
                0x00000000401fffe0                CACHEDRAM_S_START = (DDR_START + FSP_DDR_OFFSET)
                0x0000000007e00020                CACHEDRAM_S_LENGTH = (DDR_LENGTH - (CACHEDRAM_S_START - DDR_START))
                0x0000000040000000                UNCACHED_OFFSET = 0x40000000
                0x0000000080000020                UNCACHEDRAM_S_START = (UNCACHED_OFFSET + DDR_START)
                0x0000000007ffffe0                UNCACHEDRAM_S_LENGTH = DDR_LENGTH

.data.sram_mmu  0x000000000001e000     0x5000
                0x000000000001e000                __ttbr0_base = .
                0x000000000001e020                . = (. + 0x20)
 *fill*         0x000000000001e000       0x20 
                0x000000000001f000                . = ALIGN (0x1000)
 *fill*         0x000000000001e020      0xfe0 
                0x000000000001f000                __level2_table_1_base = .
                0x0000000000020000                . = (. + 0x1000)
 *fill*         0x000000000001f000     0x1000 
                0x0000000000020000                __level2_table_2_base = .
                0x0000000000021000                . = (. + 0x1000)
 *fill*         0x0000000000020000     0x1000 
                0x0000000000021000                __level2_table_3_base = .
                0x0000000000022000                . = (. + 0x1000)
 *fill*         0x0000000000021000     0x1000 
                0x0000000000022000                __level2_table_4_base = .
                0x0000000000023000                . = (. + 0x1000)
 *fill*         0x0000000000022000     0x1000 

.text.sram      0x0000000000023000      0x9d0 load address 0x0000000020021000
                0x0000000000023000                __sram_exec_start = .
                0x0000000020021000                __sram_load_start = (LOADADDR (.text.sram) + (. - ADDR (.text.sram)))
 *(VECTOR_TABLE)
 VECTOR_TABLE   0x0000000000023000      0x800 ./rza/fsp/src/bsp/cmsis/Device/RENESAS/Source/vector_table.o
                0x0000000000023000                vector_table
 *(VECTOR_TABLE_FREERTOS)
                0x0000000000023800                . = ALIGN (0x8)
 *(IRQ_FIQ_HANDLER)
 IRQ_FIQ_HANDLER
                0x0000000000023800       0xf4 ./rza/fsp/src/bsp/cmsis/Device/RENESAS/Source/irqfiq_handler.o
                0x0000000000023800                fiq_handler
                0x0000000000023890                irq_handler
 *(FASTCODE)
 *fill*         0x00000000000238f4        0x4 
 FASTCODE       0x00000000000238f8       0x90 ./rza/fsp/src/bsp/mcu/all/bsp_delay.o
                0x00000000000238f8                R_BSP_SoftwareDelay
 FASTCODE.stub  0x0000000000023988       0x28 linker stubs
 FASTCODE       0x00000000000239c0       0x10 ./rza/fsp/src/bsp/mcu/all/bsp_delay_asm.o
                0x00000000000239c0                bsp_prv_software_delay_loop
                0x00000000000239d0                . = ALIGN (0x8)
                0x00000000200219d0                __sram_load_end = (LOADADDR (.text.sram) + (. - ADDR (.text.sram)))

.text.sram_fastcopy
                0x00000000000239d0        0x0 load address 0x00000000200219d0
                0x00000000000239d0                __sram_fastcopy_exec_start = .
                0x00000000200219d0                __sram_fastcopy_load_start = (LOADADDR (.text.sram_fastcopy) + (. - ADDR (.text.sram_fastcopy)))
                0x00000000000239d0                . = ALIGN (0x8)
                0x00000000200219d0                __sram_fastcopy_load_end = (LOADADDR (.text.sram_fastcopy) + (. - ADDR (.text.sram_fastcopy)))

.rodata.header  0x0000000020020000      0x200
                0x0000000020020000        0x8 QUAD 0x20020800 Start
                0x0000000020020008        0x8 QUAD 0xffffffffdffdf7ff (0xffffffffffffffff - Start)
                0x0000000020020010        0x8 QUAD 0x20020200
                0x0000000020020018        0x8 QUAD 0xffffffffdffdfdff
                0x0000000020020020        0x8 QUAD 0x0
                0x0000000020020028        0x8 QUAD 0xffffffffffffffff
 FILL mask 0x00
                0x00000000200201e0                . = (. + 0x1b0)
 *fill*         0x0000000020020030      0x1b0 00
                0x00000000200201e0        0x8 QUAD 0x4120505346205a52
                0x00000000200201e8        0x8 QUAD 0x69746163696c7070
                0x00000000200201f0        0x8 QUAD 0x6e6f
                0x00000000200201f8        0x8 QUAD 0x0

.text.secure_program_entry
                0x0000000020020800        0x4
                0x0000000020020800                _prog_start = .
 *(PROGRAM_ENTRY)
 PROGRAM_ENTRY  0x0000000020020800        0x4 ./rza/fsp/src/bsp/cmsis/Device/RENESAS/Source/program_entry.o
                0x0000000020020800                Start

.text           0x0000000020021a00     0x748c
 *(RESET_HANDLER)
 RESET_HANDLER  0x0000000020021a00      0x114 ./rza/fsp/src/bsp/cmsis/Device/RENESAS/Source/startup.o
                0x0000000020021a00                reset_handler
                0x0000000020021b80                . = ALIGN (0x80)
 *fill*         0x0000000020021b14       0x6c 
 *(INIT_SECTION)
 INIT_SECTION   0x0000000020021b80      0x210 ./rza/fsp/src/bsp/cmsis/Device/RENESAS/Source/initsect.o
                0x0000000020021b80                INITSCT
 *(.init)
 .init          0x0000000020021d90       0x18 /home/alex/.local/share/renesas/e2_studio/toolchains/gcc_arm_aarch64/10_2021_07/gcc-arm-10.3-2021.07-x86_64-aarch64-none-elf/bin/../lib/gcc/aarch64-none-elf/10.3.1/crti.o
                0x0000000020021d90                _init
 */sections.o(.rodata .rodata.*)
 .rodata.BTBL   0x0000000020021da8       0x40 ./src/sections.o
                0x0000000020021da8                BTBL
 .rodata.BTBL_F
                0x0000000020021de8       0x10 ./src/sections.o
                0x0000000020021de8                BTBL_F
 .rodata.DTBL   0x0000000020021df8       0x48 ./src/sections.o
                0x0000000020021df8                DTBL
 .rodata.DTBL_F
                0x0000000020021e40       0x30 ./src/sections.o
                0x0000000020021e40                DTBL_F
                0x0000000020021e70                . = ALIGN (0x8)
 *(.text .text.*)
 .text.deregister_tm_clones
                0x0000000020021e70       0x30 /home/alex/.local/share/renesas/e2_studio/toolchains/gcc_arm_aarch64/10_2021_07/gcc-arm-10.3-2021.07-x86_64-aarch64-none-elf/bin/../lib/gcc/aarch64-none-elf/10.3.1/crtbegin.o
 .text.register_tm_clones
                0x0000000020021ea0       0x3c /home/alex/.local/share/renesas/e2_studio/toolchains/gcc_arm_aarch64/10_2021_07/gcc-arm-10.3-2021.07-x86_64-aarch64-none-elf/bin/../lib/gcc/aarch64-none-elf/10.3.1/crtbegin.o
 *fill*         0x0000000020021edc        0x4 
 .text.__do_global_dtors_aux
                0x0000000020021ee0       0x48 /home/alex/.local/share/renesas/e2_studio/toolchains/gcc_arm_aarch64/10_2021_07/gcc-arm-10.3-2021.07-x86_64-aarch64-none-elf/bin/../lib/gcc/aarch64-none-elf/10.3.1/crtbegin.o
 *fill*         0x0000000020021f28        0x8 
 .text.frame_dummy
                0x0000000020021f30       0x34 /home/alex/.local/share/renesas/e2_studio/toolchains/gcc_arm_aarch64/10_2021_07/gcc-arm-10.3-2021.07-x86_64-aarch64-none-elf/bin/../lib/gcc/aarch64-none-elf/10.3.1/crtbegin.o
 *fill*         0x0000000020021f64        0x4 
 .text.uart_callback_0
                0x0000000020021f68      0x120 ./src/SerialCompatibility.o
                0x0000000020021f68                uart_callback_0
 .text._ZN24SerialCompatibilityLayerC2Ev
                0x0000000020022088       0x34 ./src/SerialCompatibility.o
                0x0000000020022088                _ZN24SerialCompatibilityLayerC2Ev
                0x0000000020022088                _ZN24SerialCompatibilityLayerC1Ev
 *fill*         0x00000000200220bc        0x4 
 .text._ZN24SerialCompatibilityLayer10uart_printEPht
                0x00000000200220c0       0xa0 ./src/SerialCompatibility.o
                0x00000000200220c0                _ZN24SerialCompatibilityLayer10uart_printEPht
 .text._ZN24SerialCompatibilityLayer9uart_initEPj
                0x0000000020022160       0xd8 ./src/SerialCompatibility.o
                0x0000000020022160                _ZN24SerialCompatibilityLayer9uart_initEPj
 .text._ZN24SerialCompatibilityLayer5beginEj
                0x0000000020022238       0x1c ./src/SerialCompatibility.o
                0x0000000020022238                _ZN24SerialCompatibilityLayer5beginEj
 *fill*         0x0000000020022254        0x4 
 .text._ZN24SerialCompatibilityLayer5printEx
                0x0000000020022258       0xd8 ./src/SerialCompatibility.o
                0x0000000020022258                _ZN24SerialCompatibilityLayer5printEx
 .text._ZN24SerialCompatibilityLayer5printEPh
                0x0000000020022330       0x58 ./src/SerialCompatibility.o
                0x0000000020022330                _ZN24SerialCompatibilityLayer5printEPh
 .text._ZN26SerialCompatibilityLayer_1C2Ev
                0x0000000020022388       0x34 ./src/SerialCompatibility.o
                0x0000000020022388                _ZN26SerialCompatibilityLayer_1C2Ev
                0x0000000020022388                _ZN26SerialCompatibilityLayer_1C1Ev
 *fill*         0x00000000200223bc        0x4 
 .text._Z41__static_initialization_and_destruction_0ii
                0x00000000200223c0       0x50 ./src/SerialCompatibility.o
 .text._GLOBAL__sub_I_g_dest_0
                0x0000000020022410       0x1c ./src/SerialCompatibility.o
 *fill*         0x000000002002242c        0x4 
 .text._Z14multiplyMatrixv
                0x0000000020022430       0xc8 ./src/computation.o
                0x0000000020022430                _Z14multiplyMatrixv
 .text._Z5delayi
                0x00000000200224f8       0x18 ./src/hal_entry.o
                0x00000000200224f8                _Z5delayi
 .text._Z11print_floatf
                0x0000000020022510      0x150 ./src/hal_entry.o
                0x0000000020022510                _Z11print_floatf
 .text.hal_entry
                0x0000000020022660      0x448 ./src/hal_entry.o
                0x0000000020022660                hal_entry
 .text.R_BSP_WarmStart
                0x0000000020022aa8       0x78 ./src/hal_entry.o
                0x0000000020022aa8                R_BSP_WarmStart
 .text._ZL18validate_i2c_eventv
                0x0000000020022b20       0x78 ./src/i2c_sensor.o
 .text._ZL13get_device_idPh
                0x0000000020022b98      0x178 ./src/i2c_sensor.o
 .text._Z11init_sensorv
                0x0000000020022d10      0x170 ./src/i2c_sensor.o
                0x0000000020022d10                _Z11init_sensorv
 .text._Z16read_sensor_dataPh
                0x0000000020022e80      0x160 ./src/i2c_sensor.o
                0x0000000020022e80                _Z16read_sensor_dataPh
 .text.i2c_master_callback
                0x0000000020022fe0       0x20 ./src/i2c_sensor.o
                0x0000000020022fe0                i2c_master_callback
 .text._ZL10spi_deinitv
                0x0000000020023000       0x68 ./src/spi_max31723.o
 .text._ZL15spi_event_checkv
                0x0000000020023068       0xf0 ./src/spi_max31723.o
 .text._Z13max31723_initv
                0x0000000020023158      0x1e8 ./src/spi_max31723.o
                0x0000000020023158                _Z13max31723_initv
 .text._Z15get_temperaturev
                0x0000000020023340      0x150 ./src/spi_max31723.o
                0x0000000020023340                _Z15get_temperaturev
 .text.spi_callback
                0x0000000020023490       0x40 ./src/spi_max31723.o
                0x0000000020023490                spi_callback
 .text.main     0x00000000200234d0       0x18 ./rza_gen/main.o
                0x00000000200234d0                main
 .text.R_SCIF_UART_Write
                0x00000000200234e8       0x40 ./rza/fsp/src/r_scif_uart/r_scif_uart.o
                0x00000000200234e8                R_SCIF_UART_Write
 .text.r_scif_uart_make_rtrg
                0x0000000020023528       0x38 ./rza/fsp/src/r_scif_uart/r_scif_uart.o
 .text.r_scif_uart_make_rftc
                0x0000000020023560      0x128 ./rza/fsp/src/r_scif_uart/r_scif_uart.o
 .text.r_scif_uart_make_rstrg
                0x0000000020023688       0x84 ./rza/fsp/src/r_scif_uart/r_scif_uart.o
 .text.r_scif_uart_fifo_cfg
                0x000000002002370c       0x94 ./rza/fsp/src/r_scif_uart/r_scif_uart.o
 .text.r_scif_uart_baud_set
                0x00000000200237a0       0x74 ./rza/fsp/src/r_scif_uart/r_scif_uart.o
 .text.r_scif_uart_config_set
                0x0000000020023814       0xf4 ./rza/fsp/src/r_scif_uart/r_scif_uart.o
 .text.R_SCIF_UART_BaudSet
                0x0000000020023908       0x50 ./rza/fsp/src/r_scif_uart/r_scif_uart.o
                0x0000000020023908                R_SCIF_UART_BaudSet
 .text.r_scif_uart_call_callback
                0x0000000020023958       0x78 ./rza/fsp/src/r_scif_uart/r_scif_uart.o
 .text.scif_uart_receive_sub
                0x00000000200239d0       0xd4 ./rza/fsp/src/r_scif_uart/r_scif_uart.o
 *fill*         0x0000000020023aa4        0x4 
 .text.r_scif_irq_cfg
                0x0000000020023aa8       0xb0 ./rza/fsp/src/r_scif_uart/r_scif_uart.o
 .text.r_scif_irqs_cfg
                0x0000000020023b58       0x7c ./rza/fsp/src/r_scif_uart/r_scif_uart.o
 .text.R_SCIF_UART_Open
                0x0000000020023bd4      0x2ec ./rza/fsp/src/r_scif_uart/r_scif_uart.o
                0x0000000020023bd4                R_SCIF_UART_Open
 .text.R_SCIF_UART_BaudCalculate
                0x0000000020023ec0      0x1f0 ./rza/fsp/src/r_scif_uart/r_scif_uart.o
                0x0000000020023ec0                R_SCIF_UART_BaudCalculate
 .text.scif_uart_txi_isr
                0x00000000200240b0      0x100 ./rza/fsp/src/r_scif_uart/r_scif_uart.o
                0x00000000200240b0                scif_uart_txi_isr
 .text.scif_uart_rxi_isr
                0x00000000200241b0       0x50 ./rza/fsp/src/r_scif_uart/r_scif_uart.o
                0x00000000200241b0                scif_uart_rxi_isr
 .text.scif_uart_tei_isr
                0x0000000020024200       0xa0 ./rza/fsp/src/r_scif_uart/r_scif_uart.o
                0x0000000020024200                scif_uart_tei_isr
 .text.scif_uart_eri_isr
                0x00000000200242a0       0x38 ./rza/fsp/src/r_scif_uart/r_scif_uart.o
                0x00000000200242a0                scif_uart_eri_isr
 .text.scif_uart_bri_isr
                0x00000000200242d8       0x88 ./rza/fsp/src/r_scif_uart/r_scif_uart.o
                0x00000000200242d8                scif_uart_bri_isr
 .text.r_rspi_init_control_structure
                0x0000000020024360       0x3c ./rza/fsp/src/r_rspi/r_rspi.o
 .text.r_rspi_bit_width_config
                0x000000002002439c       0x68 ./rza/fsp/src/r_rspi/r_rspi.o
 .text.r_rspi_set_rxtrg
                0x0000000020024404       0x2c ./rza/fsp/src/r_rspi/r_rspi.o
 .text.r_rspi_set_rx_fifo_hint
                0x0000000020024430       0xdc ./rza/fsp/src/r_rspi/r_rspi.o
 .text.r_rspi_set_rx_fifo_level
                0x000000002002450c       0xb0 ./rza/fsp/src/r_rspi/r_rspi.o
 .text.r_rspi_transmit
                0x00000000200245bc      0x134 ./rza/fsp/src/r_rspi/r_rspi.o
 .text.r_rspi_write_read_common
                0x00000000200246f0       0xc8 ./rza/fsp/src/r_rspi/r_rspi.o
 .text.R_RSPI_Read
                0x00000000200247b8       0x24 ./rza/fsp/src/r_rspi/r_rspi.o
                0x00000000200247b8                R_RSPI_Read
 .text.R_RSPI_Write
                0x00000000200247dc       0x20 ./rza/fsp/src/r_rspi/r_rspi.o
                0x00000000200247dc                R_RSPI_Write
 .text.R_RSPI_WriteRead
                0x00000000200247fc       0x14 ./rza/fsp/src/r_rspi/r_rspi.o
                0x00000000200247fc                R_RSPI_WriteRead
 .text.r_rspi_call_callback
                0x0000000020024810       0x64 ./rza/fsp/src/r_rspi/r_rspi.o
 .text.r_rspi_receive
                0x0000000020024874      0x154 ./rza/fsp/src/r_rspi/r_rspi.o
 .text.r_rspi_hw_config
                0x00000000200249c8      0x294 ./rza/fsp/src/r_rspi/r_rspi.o
 .text.R_RSPI_Close
                0x0000000020024c5c      0x108 ./rza/fsp/src/r_rspi/r_rspi.o
                0x0000000020024c5c                R_RSPI_Close
 *fill*         0x0000000020024d64        0x4 
 .text.r_rspi_nvic_config
                0x0000000020024d68      0x210 ./rza/fsp/src/r_rspi/r_rspi.o
 .text.R_RSPI_Open
                0x0000000020024f78       0x40 ./rza/fsp/src/r_rspi/r_rspi.o
                0x0000000020024f78                R_RSPI_Open
 .text.rspi_rxi_isr
                0x0000000020024fb8       0x28 ./rza/fsp/src/r_rspi/r_rspi.o
                0x0000000020024fb8                rspi_rxi_isr
 .text.rspi_txi_isr
                0x0000000020024fe0       0x28 ./rza/fsp/src/r_rspi/r_rspi.o
                0x0000000020024fe0                rspi_txi_isr
 .text.rspi_eri_isr
                0x0000000020025008       0x78 ./rza/fsp/src/r_rspi/r_rspi.o
                0x0000000020025008                rspi_eri_isr
 .text.iic_master_notify
                0x0000000020025080       0x5c ./rza/fsp/src/r_riic_master/r_riic_master.o
 .text.iic_master_sti_master
                0x00000000200250dc       0x70 ./rza/fsp/src/r_riic_master/r_riic_master.o
 .text.iic_master_txi_send_address
                0x000000002002514c       0x50 ./rza/fsp/src/r_riic_master/r_riic_master.o
 .text.iic_master_txi_master
                0x000000002002519c       0xc0 ./rza/fsp/src/r_riic_master/r_riic_master.o
 .text.iic_master_run_hw_master
                0x000000002002525c      0x170 ./rza/fsp/src/r_riic_master/r_riic_master.o
 .text.iic_master_read_write
                0x00000000200253cc       0x5c ./rza/fsp/src/r_riic_master/r_riic_master.o
 .text.R_RIIC_MASTER_Read
                0x0000000020025428       0x20 ./rza/fsp/src/r_riic_master/r_riic_master.o
                0x0000000020025428                R_RIIC_MASTER_Read
 .text.R_RIIC_MASTER_Write
                0x0000000020025448       0x20 ./rza/fsp/src/r_riic_master/r_riic_master.o
                0x0000000020025448                R_RIIC_MASTER_Write
 .text.iic_master_rxi_read_data
                0x0000000020025468      0x160 ./rza/fsp/src/r_riic_master/r_riic_master.o
 .text.iic_master_rxi_master
                0x00000000200255c8       0xa4 ./rza/fsp/src/r_riic_master/r_riic_master.o
 .text.iic_master_tei_master
                0x000000002002566c       0xd8 ./rza/fsp/src/r_riic_master/r_riic_master.o
 *fill*         0x0000000020025744        0x4 
 .text.iic_master_open_hw_master
                0x0000000020025748      0x5d0 ./rza/fsp/src/r_riic_master/r_riic_master.o
 .text.R_RIIC_MASTER_Open
                0x0000000020025d18      0x170 ./rza/fsp/src/r_riic_master/r_riic_master.o
                0x0000000020025d18                R_RIIC_MASTER_Open
 .text.iic_master_abort_seq_master
                0x0000000020025e88       0x64 ./rza/fsp/src/r_riic_master/r_riic_master.o
 .text.iic_master_naki_master
                0x0000000020025eec      0x100 ./rza/fsp/src/r_riic_master/r_riic_master.o
 .text.iic_master_spi_master
                0x0000000020025fec       0x7c ./rza/fsp/src/r_riic_master/r_riic_master.o
 .text.iic_master_ali_master
                0x0000000020026068       0x44 ./rza/fsp/src/r_riic_master/r_riic_master.o
 .text.iic_master_tmoi_master
                0x00000000200260ac       0x44 ./rza/fsp/src/r_riic_master/r_riic_master.o
 .text.riic_master_rxi_isr
                0x00000000200260f0       0x28 ./rza/fsp/src/r_riic_master/r_riic_master.o
                0x00000000200260f0                riic_master_rxi_isr
 .text.riic_master_txi_isr
                0x0000000020026118       0x28 ./rza/fsp/src/r_riic_master/r_riic_master.o
                0x0000000020026118                riic_master_txi_isr
 .text.riic_master_tei_isr
                0x0000000020026140       0x28 ./rza/fsp/src/r_riic_master/r_riic_master.o
                0x0000000020026140                riic_master_tei_isr
 .text.riic_master_naki_isr
                0x0000000020026168       0x28 ./rza/fsp/src/r_riic_master/r_riic_master.o
                0x0000000020026168                riic_master_naki_isr
 .text.riic_master_spi_isr
                0x0000000020026190       0x28 ./rza/fsp/src/r_riic_master/r_riic_master.o
                0x0000000020026190                riic_master_spi_isr
 .text.riic_master_sti_isr
                0x00000000200261b8       0x28 ./rza/fsp/src/r_riic_master/r_riic_master.o
                0x00000000200261b8                riic_master_sti_isr
 .text.riic_master_ali_isr
                0x00000000200261e0       0x28 ./rza/fsp/src/r_riic_master/r_riic_master.o
                0x00000000200261e0                riic_master_ali_isr
 .text.riic_master_tmoi_isr
                0x0000000020026208       0x28 ./rza/fsp/src/r_riic_master/r_riic_master.o
                0x0000000020026208                riic_master_tmoi_isr
 .text.R_MMU_WriteTable
                0x0000000020026230       0xac ./rza/fsp/src/r_mmu/r_mmu.o
                0x0000000020026230                R_MMU_WriteTable
 .text.mmu_table_write_64
                0x00000000200262dc        0x8 ./rza/fsp/src/r_mmu/r_mmu.o
 .text.R_MMU_WriteTableLink
                0x00000000200262e4       0x54 ./rza/fsp/src/r_mmu/r_mmu.o
                0x00000000200262e4                R_MMU_WriteTableLink
 .text.R_MMU_WriteTableFault
                0x0000000020026338       0x98 ./rza/fsp/src/r_mmu/r_mmu.o
                0x0000000020026338                R_MMU_WriteTableFault
 .text.R_MMU_Open
                0x00000000200263d0      0x1d8 ./rza/fsp/src/r_mmu/r_mmu.o
                0x00000000200263d0                R_MMU_Open
 .text.r_ioport_make_port_pin_num
                0x00000000200265a8       0x10 ./rza/fsp/src/r_ioport/r_ioport.o
 .text.r_ioport_regwrite_8
                0x00000000200265b8       0x38 ./rza/fsp/src/r_ioport/r_ioport.o
 .text.R_IOPORT_PinWrite
                0x00000000200265f0       0x3c ./rza/fsp/src/r_ioport/r_ioport.o
                0x00000000200265f0                R_IOPORT_PinWrite
 .text.r_ioport_regwrite_16
                0x000000002002662c       0x3c ./rza/fsp/src/r_ioport/r_ioport.o
 .text.r_ioport_regwrite_32
                0x0000000020026668       0x20 ./rza/fsp/src/r_ioport/r_ioport.o
 .text.r_ioport_dedicated_port_cfg
                0x0000000020026688      0x144 ./rza/fsp/src/r_ioport/r_ioport.o
 .text.r_ioport_peri_mode_pin_config
                0x00000000200267cc      0x1bc ./rza/fsp/src/r_ioport/r_ioport.o
 .text.r_ioport_port_mode_pin_config
                0x0000000020026988      0x1e4 ./rza/fsp/src/r_ioport/r_ioport.o
 .text.r_ioport_pfs_write
                0x0000000020026b6c       0x30 ./rza/fsp/src/r_ioport/r_ioport.o
 *fill*         0x0000000020026b9c        0x4 
 .text.r_ioport_pins_config
                0x0000000020026ba0      0x108 ./rza/fsp/src/r_ioport/r_ioport.o
 .text.R_IOPORT_Open
                0x0000000020026ca8       0x30 ./rza/fsp/src/r_ioport/r_ioport.o
                0x0000000020026ca8                R_IOPORT_Open
 .text.bsp_clock_off
                0x0000000020026cd8      0x458 ./rza/fsp/src/bsp/mcu/rza3m/bsp_clocks_setup.o
                0x0000000020026cd8                bsp_clock_off
 .text.SystemCoreClockUpdate
                0x0000000020027130       0x30 ./rza/fsp/src/bsp/mcu/all/bsp_clocks.o
                0x0000000020027130                SystemCoreClockUpdate
 .text.bsp_clock_freq_var_init
                0x0000000020027160       0xb0 ./rza/fsp/src/bsp/mcu/all/bsp_clocks.o
                0x0000000020027160                bsp_clock_freq_var_init
 .text.bsp_clock_init
                0x0000000020027210      0x16c ./rza/fsp/src/bsp/mcu/all/bsp_clocks.o
                0x0000000020027210                bsp_clock_init
 *fill*         0x000000002002737c        0x4 
 .text.R_FSP_SystemClockHzGet
                0x0000000020027380       0x18 ./rza/fsp/src/bsp/mcu/all/bsp_clocks.o
                0x0000000020027380                R_FSP_SystemClockHzGet
 .text.bsp_init_internal
                0x0000000020027398        0x4 ./rza/fsp/src/bsp/mcu/all/bsp_common.o
                0x0000000020027398                bsp_init
                0x0000000020027398                bsp_init_internal
 .text.__assert_func
                0x000000002002739c        0x8 ./rza/fsp/src/bsp/mcu/all/bsp_common.o
                0x000000002002739c                __assert_func
 .text.r_bsp_gic_io_regwrite_32
                0x00000000200273a4       0x20 ./rza/fsp/src/bsp/mcu/all/bsp_gicv3.o
 .text.r_bsp_gic_io_regread_32
                0x00000000200273c4       0x18 ./rza/fsp/src/bsp/mcu/all/bsp_gicv3.o
 .text.R_BSP_GICD_SetCtlr
                0x00000000200273dc       0x24 ./rza/fsp/src/bsp/mcu/all/bsp_gicv3.o
                0x00000000200273dc                R_BSP_GICD_SetCtlr
 .text.R_BSP_GICD_GetCtlr
                0x0000000020027400       0x20 ./rza/fsp/src/bsp/mcu/all/bsp_gicv3.o
                0x0000000020027400                R_BSP_GICD_GetCtlr
 .text.R_BSP_GICD_Enable
                0x0000000020027420       0x2c ./rza/fsp/src/bsp/mcu/all/bsp_gicv3.o
                0x0000000020027420                R_BSP_GICD_Enable
 .text.R_BSP_GICD_AffinityRouteEnable
                0x000000002002744c       0x18 ./rza/fsp/src/bsp/mcu/all/bsp_gicv3.o
                0x000000002002744c                R_BSP_GICD_AffinityRouteEnable
 .text.R_BSP_GICD_SpiEnable
                0x0000000020027464       0x1c ./rza/fsp/src/bsp/mcu/all/bsp_gicv3.o
                0x0000000020027464                R_BSP_GICD_SpiEnable
 .text.R_BSP_GICD_SpiDisable
                0x0000000020027480       0x1c ./rza/fsp/src/bsp/mcu/all/bsp_gicv3.o
                0x0000000020027480                R_BSP_GICD_SpiDisable
 .text.R_BSP_GICD_SetSpiPriority
                0x000000002002749c       0x30 ./rza/fsp/src/bsp/mcu/all/bsp_gicv3.o
                0x000000002002749c                R_BSP_GICD_SetSpiPriority
 .text.R_BSP_GICD_SetSpiRoute
                0x00000000200274cc       0x38 ./rza/fsp/src/bsp/mcu/all/bsp_gicv3.o
                0x00000000200274cc                R_BSP_GICD_SetSpiRoute
 .text.R_BSP_GICD_SetSpiSense
                0x0000000020027504       0x30 ./rza/fsp/src/bsp/mcu/all/bsp_gicv3.o
                0x0000000020027504                R_BSP_GICD_SetSpiSense
 .text.R_BSP_GICD_ClearSpiPending
                0x0000000020027534       0x1c ./rza/fsp/src/bsp/mcu/all/bsp_gicv3.o
                0x0000000020027534                R_BSP_GICD_ClearSpiPending
 .text.R_BSP_GICD_SetSpiSecurity
                0x0000000020027550       0x70 ./rza/fsp/src/bsp/mcu/all/bsp_gicv3.o
                0x0000000020027550                R_BSP_GICD_SetSpiSecurity
 .text.R_BSP_GICD_SetSpiSecurityLine
                0x00000000200275c0       0x58 ./rza/fsp/src/bsp/mcu/all/bsp_gicv3.o
                0x00000000200275c0                R_BSP_GICD_SetSpiSecurityLine
 .text.R_BSP_GICD_SetSpiSecurityAll
                0x0000000020027618       0x5c ./rza/fsp/src/bsp/mcu/all/bsp_gicv3.o
                0x0000000020027618                R_BSP_GICD_SetSpiSecurityAll
 .text.R_BSP_GICD_SetSpiClass
                0x0000000020027674       0x50 ./rza/fsp/src/bsp/mcu/all/bsp_gicv3.o
                0x0000000020027674                R_BSP_GICD_SetSpiClass
 .text.R_BSP_GICR_Enable
                0x00000000200276c4       0x58 ./rza/fsp/src/bsp/mcu/all/bsp_gicv3.o
                0x00000000200276c4                R_BSP_GICR_Enable
 .text.R_BSP_GICR_ClearSgiPpiPending
                0x000000002002771c       0x18 ./rza/fsp/src/bsp/mcu/all/bsp_gicv3.o
                0x000000002002771c                R_BSP_GICR_ClearSgiPpiPending
 .text.R_BSP_GICR_SetSgiPpiSecurityLine
                0x0000000020027734       0x4c ./rza/fsp/src/bsp/mcu/all/bsp_gicv3.o
                0x0000000020027734                R_BSP_GICR_SetSgiPpiSecurityLine
 .text.R_BSP_GICR_SetClass
                0x0000000020027780       0x28 ./rza/fsp/src/bsp/mcu/all/bsp_gicv3.o
                0x0000000020027780                R_BSP_GICR_SetClass
 .text.R_BSP_GICR_GetRoute
                0x00000000200277a8       0x10 ./rza/fsp/src/bsp/mcu/all/bsp_gicv3.o
                0x00000000200277a8                R_BSP_GICR_GetRoute
 .text.R_BSP_GICC_SetMaskLevel
                0x00000000200277b8       0x10 ./rza/fsp/src/bsp/mcu/all/bsp_gicv3.o
                0x00000000200277b8                R_BSP_GICC_SetMaskLevel
 .text.R_BSP_GICC_GetMaskLevel
                0x00000000200277c8       0x10 ./rza/fsp/src/bsp/mcu/all/bsp_gicv3.o
                0x00000000200277c8                R_BSP_GICC_GetMaskLevel
 .text.R_BSP_GICC_SetEoiGrp0
                0x00000000200277d8       0x10 ./rza/fsp/src/bsp/mcu/all/bsp_gicv3.o
                0x00000000200277d8                R_BSP_GICC_SetEoiGrp0
 .text.R_BSP_GICC_SetEoiGrp1
                0x00000000200277e8       0x10 ./rza/fsp/src/bsp/mcu/all/bsp_gicv3.o
                0x00000000200277e8                R_BSP_GICC_SetEoiGrp1
 .text.R_BSP_GICC_Get_IntIdGrp0
                0x00000000200277f8        0xc ./rza/fsp/src/bsp/mcu/all/bsp_gicv3.o
                0x00000000200277f8                R_BSP_GICC_Get_IntIdGrp0
 .text.R_BSP_GICC_Get_IntIdGrp1
                0x0000000020027804        0xc ./rza/fsp/src/bsp/mcu/all/bsp_gicv3.o
                0x0000000020027804                R_BSP_GICC_Get_IntIdGrp1
 .text.bsp_irq_cfg
                0x0000000020027810       0x60 ./rza/fsp/src/bsp/mcu/all/bsp_irq.o
                0x0000000020027810                bsp_irq_cfg
 .text.IRQ_ExecuteHandler
                0x0000000020027870       0x50 ./rza/fsp/src/bsp/mcu/all/bsp_irq.o
                0x0000000020027870                IRQ_ExecuteHandler
 .text.FIQ_ExecuteHandler
                0x00000000200278c0       0xa8 ./rza/fsp/src/bsp/mcu/all/bsp_irq.o
                0x00000000200278c0                FIQ_ExecuteHandler
 .text          0x0000000020027968      0x350 ./rza/fsp/src/bsp/cmsis/Device/RENESAS/Source/cache.o
                0x0000000020027968                R_BSP_CACHE_EnableInst
                0x000000002002797c                R_BSP_CACHE_EnableData
                0x0000000020027990                R_BSP_CACHE_DisableInst
                0x00000000200279a4                R_BSP_CACHE_DisableData
                0x00000000200279b8                R_BSP_CACHE_CleanAll
                0x0000000020027a4c                R_BSP_CACHE_CleanInvalidateAll
                0x0000000020027ae0                R_BSP_CACHE_InvalidateAll
                0x0000000020027b74                R_BSP_CACHE_CleanRange
                0x0000000020027bd4                R_BSP_CACHE_InvalidateRange
                0x0000000020027c34                R_BSP_CACHE_CleanInvalidateRange
 .text.Default_Handler
                0x0000000020027cb8        0x8 ./rza/fsp/src/bsp/cmsis/Device/RENESAS/Source/default_handler.o
                0x0000000020027cb8                Default_Handler
 .text.__enable_fiq
                0x0000000020027cc0        0x8 ./rza/fsp/src/bsp/cmsis/Device/RENESAS/Source/irq.o
                0x0000000020027cc0                __enable_fiq
 .text.__enable_all_exception
                0x0000000020027cc8        0x8 ./rza/fsp/src/bsp/cmsis/Device/RENESAS/Source/irq.o
                0x0000000020027cc8                __enable_all_exception
 .text.InitGicv3
                0x0000000020027cd0       0x6c ./rza/fsp/src/bsp/cmsis/Device/RENESAS/Source/irq.o
                0x0000000020027cd0                InitGicv3
 .text          0x0000000020027d3c       0x10 ./rza/fsp/src/bsp/cmsis/Device/RENESAS/Source/mmu.o
                0x0000000020027d3c                R_MMU_GetTranslationTableBaseAddress
                0x0000000020027d44                R_MMU_SetTranslationTableBaseAddress
 *fill*         0x0000000020027d4c        0x4 
 .text.SystemInit
                0x0000000020027d50       0x98 ./rza/fsp/src/bsp/cmsis/Device/RENESAS/Source/system.o
                0x0000000020027d50                SystemInit
 .text.R_BSP_HardwareInit
                0x0000000020027de8        0x4 ./rza/fsp/src/bsp/cmsis/Device/RENESAS/Source/system.o
                0x0000000020027de8                R_BSP_HardwareInit
 *fill*         0x0000000020027dec       0x14 
 .text          0x0000000020027e00      0x1dc /home/alex/.local/share/renesas/e2_studio/toolchains/gcc_arm_aarch64/10_2021_07/gcc-arm-10.3-2021.07-x86_64-aarch64-none-elf/bin/../lib/gcc/aarch64-none-elf/10.3.1/../../../../aarch64-none-elf/lib/libg.a(lib_a-memset.o)
                0x0000000020027e00                memset
 *fill*         0x0000000020027fdc        0x4 
 .text.stub     0x0000000020027fe0       0x18 linker stubs
 *(.rodata .rodata.*)
 *fill*         0x0000000020028000        0x0 
 .rodata.cst8   0x0000000020028000       0x20 /home/alex/.local/share/renesas/e2_studio/toolchains/gcc_arm_aarch64/10_2021_07/gcc-arm-10.3-2021.07-x86_64-aarch64-none-elf/bin/../lib/gcc/aarch64-none-elf/10.3.1/crtbegin.o
 .rodata._ZN24SerialCompatibilityLayer9fill_buffEv.str1.8
                0x0000000020028020       0x57 ./src/SerialCompatibility.o
 *fill*         0x0000000020028077        0x1 
 .rodata._ZN24SerialCompatibilityLayer10uart_printEPht.str1.8
                0x0000000020028078       0x5b ./src/SerialCompatibility.o
 *fill*         0x00000000200280d3        0x5 
 .rodata._ZN24SerialCompatibilityLayer9uart_initEPj.str1.8
                0x00000000200280d8       0x4b ./src/SerialCompatibility.o
 *fill*         0x0000000020028123        0x5 
 .rodata._ZN24SerialCompatibilityLayer5printEx.str1.8
                0x0000000020028128        0xa ./src/SerialCompatibility.o
 *fill*         0x0000000020028132        0x6 
 .rodata._Z11print_floatf.str1.8
                0x0000000020028138        0xa ./src/hal_entry.o
 *fill*         0x0000000020028142        0x6 
 .rodata.hal_entry.str1.8
                0x0000000020028148       0x9a ./src/hal_entry.o
                                         0xa3 (size before relaxing)
 *fill*         0x00000000200281e2        0x6 
 .rodata        0x00000000200281e8        0x6 ./src/hal_entry.o
 *fill*         0x00000000200281ee        0x2 
 .rodata._ZL13get_device_idPh.str1.8
                0x00000000200281f0       0xd2 ./src/i2c_sensor.o
 *fill*         0x00000000200282c2        0x6 
 .rodata._Z11init_sensorv.str1.8
                0x00000000200282c8       0x83 ./src/i2c_sensor.o
 *fill*         0x000000002002834b        0x5 
 .rodata        0x0000000020028350        0x7 ./src/i2c_sensor.o
 *fill*         0x0000000020028357        0x1 
 .rodata.g_mmu_pagetable_array
                0x0000000020028358      0x120 ./src/mmu_page_table.o
                0x0000000020028358                g_mmu_pagetable_array
 .rodata._ZL10spi_deinitv.str1.8
                0x0000000020028478       0x2e ./src/spi_max31723.o
 *fill*         0x00000000200284a6        0x2 
 .rodata._ZL15spi_event_checkv.str1.8
                0x00000000200284a8       0x51 ./src/spi_max31723.o
 *fill*         0x00000000200284f9        0x7 
 .rodata._Z13max31723_initv.str1.8
                0x0000000020028500       0x33 ./src/spi_max31723.o
 *fill*         0x0000000020028533        0x5 
 .rodata._Z15get_temperaturev.str1.8
                0x0000000020028538       0x19 ./src/spi_max31723.o
 *fill*         0x0000000020028551        0x7 
 .rodata.g_ioport_cfg_extend
                0x0000000020028558       0x18 ./rza_gen/common_data.o
                0x0000000020028558                g_ioport_cfg_extend
 .rodata.g_mmu_cfg
                0x0000000020028570        0x8 ./rza_gen/common_data.o
                0x0000000020028570                g_mmu_cfg
 .rodata.g_i2c_master0_cfg
                0x0000000020028578       0x50 ./rza_gen/hal_data.o
                0x0000000020028578                g_i2c_master0_cfg
 .rodata.g_i2c_master0_extend
                0x00000000200285c8       0x20 ./rza_gen/hal_data.o
                0x00000000200285c8                g_i2c_master0_extend
 .rodata.g_spi0_cfg
                0x00000000200285e8       0x58 ./rza_gen/hal_data.o
                0x00000000200285e8                g_spi0_cfg
 .rodata.g_spi0_extend
                0x0000000020028640       0x24 ./rza_gen/hal_data.o
                0x0000000020028640                g_spi0_extend
 *fill*         0x0000000020028664        0x4 
 .rodata.g_uart0_cfg
                0x0000000020028668       0x58 ./rza_gen/hal_data.o
                0x0000000020028668                g_uart0_cfg
 .rodata.g_uart0_cfg_extend
                0x00000000200286c0       0x38 ./rza_gen/hal_data.o
                0x00000000200286c0                g_uart0_cfg_extend
 .rodata.g_bsp_pin_cfg
                0x00000000200286f8       0x18 ./rza_gen/pin_data.o
                0x00000000200286f8                g_bsp_pin_cfg
 .rodata.g_bsp_pin_cfg_data
                0x0000000020028710       0x60 ./rza_gen/pin_data.o
                0x0000000020028710                g_bsp_pin_cfg_data
 .rodata.g_async_baud
                0x0000000020028770        0x9 ./rza/fsp/src/r_scif_uart/r_scif_uart.o
 *fill*         0x0000000020028779        0x7 
 .rodata.g_div_coefficient
                0x0000000020028780       0x12 ./rza/fsp/src/r_scif_uart/r_scif_uart.o
 *(.gcc_except_table .gcc_except_table.*)
                0x0000000020028798                . = ALIGN (0x8)
 *fill*         0x0000000020028792        0x6 
                0x0000000020028798                __freertos_plus_tcp_array_start = .
 *(.freertos_plus_tcp_data .freertos_plus_tcp_data.*)
                0x0000000020028798                __freertos_plus_tcp_array_end = .
                0x0000000020028798                . = ALIGN (0x8)
                0x0000000020028798                PROVIDE (__preinit_array_start = .)
 *(.preinit_array)
                0x0000000020028798                PROVIDE (__preinit_array_end = .)
                0x0000000020028798                . = ALIGN (0x8)
                0x0000000020028798                PROVIDE (__init_array_start = .)
 *(SORT_BY_NAME(.init_array.*))
 *(.init_array)
 .init_array    0x0000000020028798        0x8 /home/alex/.local/share/renesas/e2_studio/toolchains/gcc_arm_aarch64/10_2021_07/gcc-arm-10.3-2021.07-x86_64-aarch64-none-elf/bin/../lib/gcc/aarch64-none-elf/10.3.1/crtbegin.o
 .init_array    0x00000000200287a0        0x8 ./src/SerialCompatibility.o
                0x00000000200287a8                PROVIDE (__init_array_end = .)
                0x00000000200287a8                . = ALIGN (0x8)
                0x00000000200287a8                PROVIDE (__fini_array_start = .)
 *(SORT_BY_NAME(.fini_array.*))
 *(.fini_array)
 .fini_array    0x00000000200287a8        0x8 /home/alex/.local/share/renesas/e2_studio/toolchains/gcc_arm_aarch64/10_2021_07/gcc-arm-10.3-2021.07-x86_64-aarch64-none-elf/bin/../lib/gcc/aarch64-none-elf/10.3.1/crtbegin.o
                0x00000000200287b0                PROVIDE (__fini_array_end = .)
 *(.eh_frame_hdr)
 *(.eh_frame*)
 .eh_frame      0x00000000200287b0        0x0 /home/alex/.local/share/renesas/e2_studio/toolchains/gcc_arm_aarch64/10_2021_07/gcc-arm-10.3-2021.07-x86_64-aarch64-none-elf/bin/../lib/gcc/aarch64-none-elf/10.3.1/crtbegin.o
 .eh_frame      0x00000000200287b0      0x490 ./src/SerialCompatibility.o
 .eh_frame      0x0000000020028c40       0x28 ./src/computation.o
 .eh_frame      0x0000000020028c68       0xb0 ./src/hal_entry.o
 .eh_frame      0x0000000020028d18       0xb8 ./src/i2c_sensor.o
 .eh_frame      0x0000000020028dd0       0xb8 ./src/spi_max31723.o
 .eh_frame      0x0000000020028e88        0x4 /home/alex/.local/share/renesas/e2_studio/toolchains/gcc_arm_aarch64/10_2021_07/gcc-arm-10.3-2021.07-x86_64-aarch64-none-elf/bin/../lib/gcc/aarch64-none-elf/10.3.1/crtend.o

.fini           0x0000000020028e8c       0x18
 .fini          0x0000000020028e8c       0x18 /home/alex/.local/share/renesas/e2_studio/toolchains/gcc_arm_aarch64/10_2021_07/gcc-arm-10.3-2021.07-x86_64-aarch64-none-elf/bin/../lib/gcc/aarch64-none-elf/10.3.1/crti.o
                0x0000000020028e8c                _fini

.iplt           0x0000000020028ea4        0x0
 .iplt          0x0000000020028ea4        0x0 /home/alex/.local/share/renesas/e2_studio/toolchains/gcc_arm_aarch64/10_2021_07/gcc-arm-10.3-2021.07-x86_64-aarch64-none-elf/bin/../lib/gcc/aarch64-none-elf/10.3.1/crtbegin.o

.rela.dyn       0x0000000020028ea8        0x0
 .rela.iplt     0x0000000020028ea8        0x0 /home/alex/.local/share/renesas/e2_studio/toolchains/gcc_arm_aarch64/10_2021_07/gcc-arm-10.3-2021.07-x86_64-aarch64-none-elf/bin/../lib/gcc/aarch64-none-elf/10.3.1/crtbegin.o
 .rela.rodata.cst8
                0x0000000020028ea8        0x0 /home/alex/.local/share/renesas/e2_studio/toolchains/gcc_arm_aarch64/10_2021_07/gcc-arm-10.3-2021.07-x86_64-aarch64-none-elf/bin/../lib/gcc/aarch64-none-elf/10.3.1/crtbegin.o
 .rela.rodata.BTBL
                0x0000000020028ea8        0x0 /home/alex/.local/share/renesas/e2_studio/toolchains/gcc_arm_aarch64/10_2021_07/gcc-arm-10.3-2021.07-x86_64-aarch64-none-elf/bin/../lib/gcc/aarch64-none-elf/10.3.1/crtbegin.o
 .rela.rodata.DTBL
                0x0000000020028ea8        0x0 /home/alex/.local/share/renesas/e2_studio/toolchains/gcc_arm_aarch64/10_2021_07/gcc-arm-10.3-2021.07-x86_64-aarch64-none-elf/bin/../lib/gcc/aarch64-none-elf/10.3.1/crtbegin.o
 .rela.rodata.DTBL_F
                0x0000000020028ea8        0x0 /home/alex/.local/share/renesas/e2_studio/toolchains/gcc_arm_aarch64/10_2021_07/gcc-arm-10.3-2021.07-x86_64-aarch64-none-elf/bin/../lib/gcc/aarch64-none-elf/10.3.1/crtbegin.o
 .rela.text.R_MMU_Open
                0x0000000020028ea8        0x0 /home/alex/.local/share/renesas/e2_studio/toolchains/gcc_arm_aarch64/10_2021_07/gcc-arm-10.3-2021.07-x86_64-aarch64-none-elf/bin/../lib/gcc/aarch64-none-elf/10.3.1/crtbegin.o
 .relaRESET_HANDLER
                0x0000000020028ea8        0x0 /home/alex/.local/share/renesas/e2_studio/toolchains/gcc_arm_aarch64/10_2021_07/gcc-arm-10.3-2021.07-x86_64-aarch64-none-elf/bin/../lib/gcc/aarch64-none-elf/10.3.1/crtbegin.o
 .rela.text.SystemInit
                0x0000000020028ea8        0x0 /home/alex/.local/share/renesas/e2_studio/toolchains/gcc_arm_aarch64/10_2021_07/gcc-arm-10.3-2021.07-x86_64-aarch64-none-elf/bin/../lib/gcc/aarch64-none-elf/10.3.1/crtbegin.o

.ARM.extab
 *(.ARM.extab* .gnu.linkonce.armextab.*)

.ARM.exidx      0x0000000020028ea4        0x0
                0x0000000020028ea4                __exidx_start = .
 *(.ARM.exidx* .gnu.linkonce.armexidx.*)
                0x0000000020028ea4                __exidx_end = .

.data           0x00000000401fffe0    0x28970 load address 0x0000000020028ec0
                0x00000000401fffe0                __data_exec_start = .
                0x0000000020028ec0                __data_load_start = (LOADADDR (.data) + (. - ADDR (.data)))
 *(.data .data.*)
 .data.mat1     0x00000000401fffe0    0x13880 ./src/computation.o
                0x00000000401fffe0                mat1
 .data.mat2     0x0000000040213860    0x13880 ./src/computation.o
                0x0000000040213860                mat2
 .data._ZL5i2cok
                0x00000000402270e0        0x1 ./src/hal_entry.o
 .data._ZL5spiok
                0x00000000402270e1        0x1 ./src/hal_entry.o
 *fill*         0x00000000402270e2        0x2 
 .data._ZL9i2c_event
                0x00000000402270e4        0x4 ./src/i2c_sensor.o
 .data._ZL12g_wait_count
                0x00000000402270e8        0x4 ./src/spi_max31723.o
 *fill*         0x00000000402270ec        0x4 
 .data._ZL20read_temperature_reg
                0x00000000402270f0        0x3 ./src/spi_max31723.o
 *fill*         0x00000000402270f3        0x5 
 .data.g_uart0_baud_setting
                0x00000000402270f8        0x3 ./rza_gen/hal_data.o
                0x00000000402270f8                g_uart0_baud_setting
 *fill*         0x00000000402270fb        0x5 
 .data.g_int_sense_array
                0x0000000040227100      0x800 ./rza/fsp/src/bsp/mcu/rza3m/bsp_irq_sense.o
                0x0000000040227100                g_int_sense_array
 .data.g_clock_freq
                0x0000000040227900       0x50 ./rza/fsp/src/bsp/mcu/all/bsp_clocks.o
 *(.application_vectors)
 .application_vectors
                0x0000000040227950     0x1000 ./rza_gen/vector_data.o
                0x0000000040227950                g_vector_table
                0x0000000040228950                . = ALIGN (0x8)
                0x0000000020051830                __data_load_end = (LOADADDR (.data) + (. - ADDR (.data)))

.tm_clone_table
                0x0000000040228950        0x0 load address 0x0000000020051830
 .tm_clone_table
                0x0000000040228950        0x0 /home/alex/.local/share/renesas/e2_studio/toolchains/gcc_arm_aarch64/10_2021_07/gcc-arm-10.3-2021.07-x86_64-aarch64-none-elf/bin/../lib/gcc/aarch64-none-elf/10.3.1/crtbegin.o
 .tm_clone_table
                0x0000000040228950        0x0 /home/alex/.local/share/renesas/e2_studio/toolchains/gcc_arm_aarch64/10_2021_07/gcc-arm-10.3-2021.07-x86_64-aarch64-none-elf/bin/../lib/gcc/aarch64-none-elf/10.3.1/crtend.o

.igot.plt       0x0000000040228950        0x0 load address 0x0000000020051830
 .igot.plt      0x0000000040228950        0x0 /home/alex/.local/share/renesas/e2_studio/toolchains/gcc_arm_aarch64/10_2021_07/gcc-arm-10.3-2021.07-x86_64-aarch64-none-elf/bin/../lib/gcc/aarch64-none-elf/10.3.1/crtbegin.o

.bss            0x0000000040228960        0x0 load address 0x0000000020051840
                0x0000000040228960                __bss_start = .
                0x0000000040228960                . = ALIGN (0x8)
                0x0000000040228960                __bss_end = .

.stack          0x0000000040228950     0x2000 load address 0x0000000020051830
                0x0000000040228950                __stack_start = .
 *(.stack)
 .stack         0x0000000040228950     0x2000 ./rza/fsp/src/bsp/cmsis/Device/RENESAS/Source/system.o
                0x000000004022a950                __StackTop = .
                0x000000004022a950                . = ALIGN (0x10)
                0x000000004022a950                __stack_end = .

.bss2           0x000000004022a960    0x15498 load address 0x0000000020051840
                0x000000004022a960                __bss2_start = .
 *(.bss .bss.*)
 .bss.completed.1
                0x000000004022a960        0x1 /home/alex/.local/share/renesas/e2_studio/toolchains/gcc_arm_aarch64/10_2021_07/gcc-arm-10.3-2021.07-x86_64-aarch64-none-elf/bin/../lib/gcc/aarch64-none-elf/10.3.1/crtbegin.o
 *fill*         0x000000004022a961        0x7 
 .bss.object.0  0x000000004022a968       0x30 /home/alex/.local/share/renesas/e2_studio/toolchains/gcc_arm_aarch64/10_2021_07/gcc-arm-10.3-2021.07-x86_64-aarch64-none-elf/bin/../lib/gcc/aarch64-none-elf/10.3.1/crtbegin.o
 .bss.Serial    0x000000004022a998      0x406 ./src/SerialCompatibility.o
                0x000000004022a998                Serial
 *fill*         0x000000004022ad9e        0x2 
 .bss.Serial1   0x000000004022ada0      0x406 ./src/SerialCompatibility.o
                0x000000004022ada0                Serial1
 .bss._ZL14g_uart_event_0
                0x000000004022b1a6        0x1 ./src/SerialCompatibility.o
 *fill*         0x000000004022b1a7        0x1 
 .bss._ZL20g_receive_complete_0
                0x000000004022b1a8        0x4 ./src/SerialCompatibility.o
 .bss._ZL21g_out_of_band_index_0
                0x000000004022b1ac        0x2 ./src/SerialCompatibility.o
 *fill*         0x000000004022b1ae        0x2 
 .bss._ZL21g_transfer_complete_0
                0x000000004022b1b0        0x4 ./src/SerialCompatibility.o
 *fill*         0x000000004022b1b4        0x4 
 .bss.g_out_of_band_received_0
                0x000000004022b1b8      0x200 ./src/SerialCompatibility.o
                0x000000004022b1b8                g_out_of_band_received_0
 .bss.result    0x000000004022b3b8    0x13880 ./src/computation.o
                0x000000004022b3b8                result
 .bss._ZL5i2cok
                0x000000004023ec38        0x1 ./src/i2c_sensor.o
 *fill*         0x000000004023ec39        0x7 
 .bss._ZL18temperature_values
                0x000000004023ec40        0x3 ./src/spi_max31723.o
 *fill*         0x000000004023ec43        0x1 
 .bss._ZL19g_master_event_flag
                0x000000004023ec44        0x4 ./src/spi_max31723.o
 .bss._ZL5spiok
                0x000000004023ec48        0x1 ./src/spi_max31723.o
 *fill*         0x000000004023ec49        0x7 
 .bss._ZL8dataBuff
                0x000000004023ec50       0x1e ./src/spi_max31723.o
 *fill*         0x000000004023ec6e        0x2 
 .bss.config_read
                0x000000004023ec70        0x2 ./src/spi_max31723.o
                0x000000004023ec70                config_read
 *fill*         0x000000004023ec72        0x6 
 .bss.g_ioport_ctrl
                0x000000004023ec78       0x18 ./rza_gen/common_data.o
                0x000000004023ec78                g_ioport_ctrl
 .bss.g_mmu_ctrl
                0x000000004023ec90       0x10 ./rza_gen/common_data.o
                0x000000004023ec90                g_mmu_ctrl
 .bss.g_port_group_input_cfg
                0x000000004023eca0       0x10 ./rza_gen/common_data.o
                0x000000004023eca0                g_port_group_input_cfg
 .bss.g_port_group_output_cfg
                0x000000004023ecb0        0x8 ./rza_gen/common_data.o
                0x000000004023ecb0                g_port_group_output_cfg
 .bss.g_single_port_cfg
                0x000000004023ecb8       0x14 ./rza_gen/common_data.o
                0x000000004023ecb8                g_single_port_cfg
 *fill*         0x000000004023eccc        0x4 
 .bss.g_i2c_master0_ctrl
                0x000000004023ecd0       0x60 ./rza_gen/hal_data.o
                0x000000004023ecd0                g_i2c_master0_ctrl
 .bss.g_spi0_ctrl
                0x000000004023ed30       0x60 ./rza_gen/hal_data.o
                0x000000004023ed30                g_spi0_ctrl
 .bss.g_uart0_ctrl
                0x000000004023ed90       0x58 ./rza_gen/hal_data.o
                0x000000004023ed90                g_uart0_ctrl
 .bss.g_protect_pfswe_counter
                0x000000004023ede8        0x4 ./rza/fsp/src/bsp/mcu/all/bsp_io.o
                0x000000004023ede8                g_protect_pfswe_counter
 .bss.g_interrupt_nesting_count
                0x000000004023edec        0x4 ./rza/fsp/src/bsp/mcu/all/bsp_irq.o
                0x000000004023edec                g_interrupt_nesting_count
 .bss.gp_renesas_isr_context
                0x000000004023edf0     0x1000 ./rza/fsp/src/bsp/mcu/all/bsp_irq.o
                0x000000004023edf0                gp_renesas_isr_context
 .bss.route     0x000000004023fdf0        0x4 ./rza/fsp/src/bsp/mcu/all/bsp_irq.o
 .bss.SystemCoreClock
                0x000000004023fdf4        0x4 ./rza/fsp/src/bsp/cmsis/Device/RENESAS/Source/system.o
                0x000000004023fdf4                SystemCoreClock
 *(COMMON)
                0x000000004023fdf8                . = ALIGN (0x8)
                0x000000004023fdf8                __bss2_end = .

.heap           0x000000004023fe00     0x2000 load address 0x0000000020051830
                0x000000004023fe00                end = .
                0x000000004023fe00                __HeapBase = .
 *(.heap)
 .heap          0x000000004023fe00     0x2000 ./rza/fsp/src/bsp/cmsis/Device/RENESAS/Source/system.o
                0x0000000040241e00                __HeapLimit = .
                0x0000000040241e00                _cached_end = .

.bss.uncached_RAM
                0x0000000080000020   0x241de0
                0x0000000080241e00                . = (UNCACHEDRAM_S_START + (_cached_end - DDR_START))
 *fill*         0x0000000080000020   0x241de0 
                0x0000000080241e00                __uncached_RAM_start = .
 *(UNCACHED_BSS)
                0x0000000080241e00                . = ALIGN (0x8)
                0x0000000080241e00                __uncached_RAM_end = .

.uncached_RAM_USB
                0x0000000080241e00        0x0
                0x0000000080241e00                __uncached_RAM_USB_start = .
 *(.uncached_RAM_USB*)
                0x0000000080241e00                __uncached_RAM_USB_end = .
                0x0000000080241e00                __top_of_ram = .
OUTPUT(RZA3M_Feather_Fusion.elf elf64-littleaarch64)
LOAD linker stubs

.comment        0x0000000000000000       0x5d
 .comment       0x0000000000000000       0x5d /home/alex/.local/share/renesas/e2_studio/toolchains/gcc_arm_aarch64/10_2021_07/gcc-arm-10.3-2021.07-x86_64-aarch64-none-elf/bin/../lib/gcc/aarch64-none-elf/10.3.1/crtbegin.o
                                         0x5e (size before relaxing)
 .comment       0x000000000000005d       0x5e ./src/SerialCompatibility.o
 .comment       0x000000000000005d       0x5e ./src/computation.o
 .comment       0x000000000000005d       0x5e ./src/hal_entry.o
 .comment       0x000000000000005d       0x5e ./src/i2c_sensor.o
 .comment       0x000000000000005d       0x5e ./src/mmu_page_table.o
 .comment       0x000000000000005d       0x5e ./src/sections.o
 .comment       0x000000000000005d       0x5e ./src/spi_max31723.o
 .comment       0x000000000000005d       0x5e ./rza_gen/common_data.o
 .comment       0x000000000000005d       0x5e ./rza_gen/hal_data.o
 .comment       0x000000000000005d       0x5e ./rza_gen/main.o
 .comment       0x000000000000005d       0x5e ./rza_gen/pin_data.o
 .comment       0x000000000000005d       0x5e ./rza_gen/vector_data.o
 .comment       0x000000000000005d       0x5e ./rza/fsp/src/r_scif_uart/r_scif_uart.o
 .comment       0x000000000000005d       0x5e ./rza/fsp/src/r_rspi/r_rspi.o
 .comment       0x000000000000005d       0x5e ./rza/fsp/src/r_riic_master/r_riic_master.o
 .comment       0x000000000000005d       0x5e ./rza/fsp/src/r_mmu/r_mmu.o
 .comment       0x000000000000005d       0x5e ./rza/fsp/src/r_ioport/r_ioport.o
 .comment       0x000000000000005d       0x5e ./rza/fsp/src/bsp/mcu/rza3m/bsp_clocks_setup.o
 .comment       0x000000000000005d       0x5e ./rza/fsp/src/bsp/mcu/rza3m/bsp_irq_sense.o
 .comment       0x000000000000005d       0x5e ./rza/fsp/src/bsp/mcu/all/bsp_clocks.o
 .comment       0x000000000000005d       0x5e ./rza/fsp/src/bsp/mcu/all/bsp_common.o
 .comment       0x000000000000005d       0x5e ./rza/fsp/src/bsp/mcu/all/bsp_delay.o
 .comment       0x000000000000005d       0x5e ./rza/fsp/src/bsp/mcu/all/bsp_gicv3.o
 .comment       0x000000000000005d       0x5e ./rza/fsp/src/bsp/mcu/all/bsp_io.o
 .comment       0x000000000000005d       0x5e ./rza/fsp/src/bsp/mcu/all/bsp_irq.o
 .comment       0x000000000000005d       0x5e ./rza/fsp/src/bsp/cmsis/Device/RENESAS/Source/default_handler.o
 .comment       0x000000000000005d       0x5e ./rza/fsp/src/bsp/cmsis/Device/RENESAS/Source/system.o
 .comment       0x000000000000005d       0x5e /home/alex/.local/share/renesas/e2_studio/toolchains/gcc_arm_aarch64/10_2021_07/gcc-arm-10.3-2021.07-x86_64-aarch64-none-elf/bin/../lib/gcc/aarch64-none-elf/10.3.1/crtend.o

.debug_info     0x0000000000000000    0xa8b3e
 .debug_info    0x0000000000000000     0x3be3 ./src/SerialCompatibility.o
 .debug_info    0x0000000000003be3      0x168 ./src/computation.o
 .debug_info    0x0000000000003d4b     0xf9d7 ./src/hal_entry.o
 .debug_info    0x0000000000013722     0x2ea5 ./src/i2c_sensor.o
 .debug_info    0x00000000000165c7      0x8f5 ./src/mmu_page_table.o
 .debug_info    0x0000000000016ebc      0x25c ./src/sections.o
 .debug_info    0x0000000000017118     0x2e07 ./src/spi_max31723.o
 .debug_info    0x0000000000019f1f     0x13ca ./rza_gen/common_data.o
 .debug_info    0x000000000001b2e9     0x4f2a ./rza_gen/hal_data.o
 .debug_info    0x0000000000020213       0xba ./rza_gen/main.o
 .debug_info    0x00000000000202cd      0x76a ./rza_gen/pin_data.o
 .debug_info    0x0000000000020a37      0x728 ./rza_gen/vector_data.o
 .debug_info    0x000000000002115f     0xa2e4 ./rza/fsp/src/r_scif_uart/r_scif_uart.o
 .debug_info    0x000000000002b443     0x9f5f ./rza/fsp/src/r_rspi/r_rspi.o
 .debug_info    0x00000000000353a2     0xb499 ./rza/fsp/src/r_riic_master/r_riic_master.o
 .debug_info    0x000000000004083b      0xf94 ./rza/fsp/src/r_mmu/r_mmu.o
 .debug_info    0x00000000000417cf    0x108f4 ./rza/fsp/src/r_ioport/r_ioport.o
 .debug_info    0x00000000000520c3     0x5f39 ./rza/fsp/src/bsp/mcu/rza3m/bsp_clocks_setup.o
 .debug_info    0x0000000000057ffc       0xc1 ./rza/fsp/src/bsp/mcu/rza3m/bsp_irq_sense.o
 .debug_info    0x00000000000580bd     0x67aa ./rza/fsp/src/bsp/mcu/all/bsp_clocks.o
 .debug_info    0x000000000005e867      0x96b ./rza/fsp/src/bsp/mcu/all/bsp_common.o
 .debug_info    0x000000000005f1d2      0x1bc ./rza/fsp/src/bsp/mcu/all/bsp_delay.o
 .debug_info    0x000000000005f38e    0x487a1 ./rza/fsp/src/bsp/mcu/all/bsp_gicv3.o
 .debug_info    0x00000000000a7b2f       0xa7 ./rza/fsp/src/bsp/mcu/all/bsp_io.o
 .debug_info    0x00000000000a7bd6      0xa4e ./rza/fsp/src/bsp/mcu/all/bsp_irq.o
 .debug_info    0x00000000000a8624       0x2e ./rza/fsp/src/bsp/cmsis/Device/RENESAS/Source/cache.o
 .debug_info    0x00000000000a8652       0x91 ./rza/fsp/src/bsp/cmsis/Device/RENESAS/Source/default_handler.o
 .debug_info    0x00000000000a86e3       0x2e ./rza/fsp/src/bsp/cmsis/Device/RENESAS/Source/initsect.o
 .debug_info    0x00000000000a8711       0x22 ./rza/fsp/src/bsp/cmsis/Device/RENESAS/Source/irq.o
 .debug_info    0x00000000000a8733       0x2e ./rza/fsp/src/bsp/cmsis/Device/RENESAS/Source/irqfiq_handler.o
 .debug_info    0x00000000000a8761       0x2e ./rza/fsp/src/bsp/cmsis/Device/RENESAS/Source/mmu.o
 .debug_info    0x00000000000a878f       0x2e ./rza/fsp/src/bsp/cmsis/Device/RENESAS/Source/program_entry.o
 .debug_info    0x00000000000a87bd       0x2e ./rza/fsp/src/bsp/cmsis/Device/RENESAS/Source/startup.o
 .debug_info    0x00000000000a87eb      0x2f7 ./rza/fsp/src/bsp/cmsis/Device/RENESAS/Source/system.o
 .debug_info    0x00000000000a8ae2       0x2e ./rza/fsp/src/bsp/cmsis/Device/RENESAS/Source/vector_table.o
 .debug_info    0x00000000000a8b10       0x2e /home/alex/.local/share/renesas/e2_studio/toolchains/gcc_arm_aarch64/10_2021_07/gcc-arm-10.3-2021.07-x86_64-aarch64-none-elf/bin/../lib/gcc/aarch64-none-elf/10.3.1/../../../../aarch64-none-elf/lib/libg.a(lib_a-memset.o)

.debug_abbrev   0x0000000000000000     0x4207
 .debug_abbrev  0x0000000000000000      0x575 ./src/SerialCompatibility.o
 .debug_abbrev  0x0000000000000575       0x94 ./src/computation.o
 .debug_abbrev  0x0000000000000609      0x425 ./src/hal_entry.o
 .debug_abbrev  0x0000000000000a2e      0x404 ./src/i2c_sensor.o
 .debug_abbrev  0x0000000000000e32      0x14c ./src/mmu_page_table.o
 .debug_abbrev  0x0000000000000f7e       0xac ./src/sections.o
 .debug_abbrev  0x000000000000102a      0x413 ./src/spi_max31723.o
 .debug_abbrev  0x000000000000143d      0x175 ./rza_gen/common_data.o
 .debug_abbrev  0x00000000000015b2      0x2bf ./rza_gen/hal_data.o
 .debug_abbrev  0x0000000000001871       0x66 ./rza_gen/main.o
 .debug_abbrev  0x00000000000018d7      0x12b ./rza_gen/pin_data.o
 .debug_abbrev  0x0000000000001a02       0xaa ./rza_gen/vector_data.o
 .debug_abbrev  0x0000000000001aac      0x5e1 ./rza/fsp/src/r_scif_uart/r_scif_uart.o
 .debug_abbrev  0x000000000000208d      0x579 ./rza/fsp/src/r_rspi/r_rspi.o
 .debug_abbrev  0x0000000000002606      0x558 ./rza/fsp/src/r_riic_master/r_riic_master.o
 .debug_abbrev  0x0000000000002b5e      0x257 ./rza/fsp/src/r_mmu/r_mmu.o
 .debug_abbrev  0x0000000000002db5      0x47b ./rza/fsp/src/r_ioport/r_ioport.o
 .debug_abbrev  0x0000000000003230      0x1ea ./rza/fsp/src/bsp/mcu/rza3m/bsp_clocks_setup.o
 .debug_abbrev  0x000000000000341a       0x85 ./rza/fsp/src/bsp/mcu/rza3m/bsp_irq_sense.o
 .debug_abbrev  0x000000000000349f      0x310 ./rza/fsp/src/bsp/mcu/all/bsp_clocks.o
 .debug_abbrev  0x00000000000037af      0x172 ./rza/fsp/src/bsp/mcu/all/bsp_common.o
 .debug_abbrev  0x0000000000003921       0xdc ./rza/fsp/src/bsp/mcu/all/bsp_delay.o
 .debug_abbrev  0x00000000000039fd      0x37f ./rza/fsp/src/bsp/mcu/all/bsp_gicv3.o
 .debug_abbrev  0x0000000000003d7c       0x5e ./rza/fsp/src/bsp/mcu/all/bsp_io.o
 .debug_abbrev  0x0000000000003dda      0x1a8 ./rza/fsp/src/bsp/mcu/all/bsp_irq.o
 .debug_abbrev  0x0000000000003f82       0x14 ./rza/fsp/src/bsp/cmsis/Device/RENESAS/Source/cache.o
 .debug_abbrev  0x0000000000003f96       0x44 ./rza/fsp/src/bsp/cmsis/Device/RENESAS/Source/default_handler.o
 .debug_abbrev  0x0000000000003fda       0x14 ./rza/fsp/src/bsp/cmsis/Device/RENESAS/Source/initsect.o
 .debug_abbrev  0x0000000000003fee       0x12 ./rza/fsp/src/bsp/cmsis/Device/RENESAS/Source/irq.o
 .debug_abbrev  0x0000000000004000       0x14 ./rza/fsp/src/bsp/cmsis/Device/RENESAS/Source/irqfiq_handler.o
 .debug_abbrev  0x0000000000004014       0x14 ./rza/fsp/src/bsp/cmsis/Device/RENESAS/Source/mmu.o
 .debug_abbrev  0x0000000000004028       0x14 ./rza/fsp/src/bsp/cmsis/Device/RENESAS/Source/program_entry.o
 .debug_abbrev  0x000000000000403c       0x14 ./rza/fsp/src/bsp/cmsis/Device/RENESAS/Source/startup.o
 .debug_abbrev  0x0000000000004050      0x18f ./rza/fsp/src/bsp/cmsis/Device/RENESAS/Source/system.o
 .debug_abbrev  0x00000000000041df       0x14 ./rza/fsp/src/bsp/cmsis/Device/RENESAS/Source/vector_table.o
 .debug_abbrev  0x00000000000041f3       0x14 /home/alex/.local/share/renesas/e2_studio/toolchains/gcc_arm_aarch64/10_2021_07/gcc-arm-10.3-2021.07-x86_64-aarch64-none-elf/bin/../lib/gcc/aarch64-none-elf/10.3.1/../../../../aarch64-none-elf/lib/libg.a(lib_a-memset.o)

.debug_loc      0x0000000000000000     0xfb78
 .debug_loc     0x0000000000000000     0x18ec ./src/SerialCompatibility.o
 .debug_loc     0x00000000000018ec       0xb0 ./src/computation.o
 .debug_loc     0x000000000000199c      0x62a ./src/hal_entry.o
 .debug_loc     0x0000000000001fc6      0x45b ./src/i2c_sensor.o
 .debug_loc     0x0000000000002421      0x1b4 ./src/mmu_page_table.o
 .debug_loc     0x00000000000025d5      0x207 ./src/spi_max31723.o
 .debug_loc     0x00000000000027dc     0x2b3c ./rza/fsp/src/r_scif_uart/r_scif_uart.o
 .debug_loc     0x0000000000005318     0x2388 ./rza/fsp/src/r_rspi/r_rspi.o
 .debug_loc     0x00000000000076a0     0x2cd9 ./rza/fsp/src/r_riic_master/r_riic_master.o
 .debug_loc     0x000000000000a379      0x7d5 ./rza/fsp/src/r_mmu/r_mmu.o
 .debug_loc     0x000000000000ab4e     0x1cbd ./rza/fsp/src/r_ioport/r_ioport.o
 .debug_loc     0x000000000000c80b      0x652 ./rza/fsp/src/bsp/mcu/rza3m/bsp_clocks_setup.o
 .debug_loc     0x000000000000ce5d      0xcbc ./rza/fsp/src/bsp/mcu/all/bsp_clocks.o
 .debug_loc     0x000000000000db19       0x3d ./rza/fsp/src/bsp/mcu/all/bsp_common.o
 .debug_loc     0x000000000000db56      0x2a2 ./rza/fsp/src/bsp/mcu/all/bsp_delay.o
 .debug_loc     0x000000000000ddf8     0x1bb2 ./rza/fsp/src/bsp/mcu/all/bsp_gicv3.o
 .debug_loc     0x000000000000f9aa      0x193 ./rza/fsp/src/bsp/mcu/all/bsp_irq.o
 .debug_loc     0x000000000000fb3d       0x3b ./rza/fsp/src/bsp/cmsis/Device/RENESAS/Source/system.o

.debug_aranges  0x0000000000000000     0x1370
 .debug_aranges
                0x0000000000000000      0x240 ./src/SerialCompatibility.o
 .debug_aranges
                0x0000000000000240       0x30 ./src/computation.o
 .debug_aranges
                0x0000000000000270       0x60 ./src/hal_entry.o
 .debug_aranges
                0x00000000000002d0       0x70 ./src/i2c_sensor.o
 .debug_aranges
                0x0000000000000340       0x40 ./src/mmu_page_table.o
 .debug_aranges
                0x0000000000000380       0x20 ./src/sections.o
 .debug_aranges
                0x00000000000003a0       0x70 ./src/spi_max31723.o
 .debug_aranges
                0x0000000000000410       0x30 ./rza_gen/common_data.o
 .debug_aranges
                0x0000000000000440       0x30 ./rza_gen/hal_data.o
 .debug_aranges
                0x0000000000000470       0x30 ./rza_gen/main.o
 .debug_aranges
                0x00000000000004a0       0x20 ./rza_gen/pin_data.o
 .debug_aranges
                0x00000000000004c0       0x20 ./rza_gen/vector_data.o
 .debug_aranges
                0x00000000000004e0      0x1b0 ./rza/fsp/src/r_scif_uart/r_scif_uart.o
 .debug_aranges
                0x0000000000000690      0x170 ./rza/fsp/src/r_rspi/r_rspi.o
 .debug_aranges
                0x0000000000000800      0x210 ./rza/fsp/src/r_riic_master/r_riic_master.o
 .debug_aranges
                0x0000000000000a10       0x90 ./rza/fsp/src/r_mmu/r_mmu.o
 .debug_aranges
                0x0000000000000aa0      0x180 ./rza/fsp/src/r_ioport/r_ioport.o
 .debug_aranges
                0x0000000000000c20       0x30 ./rza/fsp/src/bsp/mcu/rza3m/bsp_clocks_setup.o
 .debug_aranges
                0x0000000000000c50       0x20 ./rza/fsp/src/bsp/mcu/rza3m/bsp_irq_sense.o
 .debug_aranges
                0x0000000000000c70       0xe0 ./rza/fsp/src/bsp/mcu/all/bsp_clocks.o
 .debug_aranges
                0x0000000000000d50       0x50 ./rza/fsp/src/bsp/mcu/all/bsp_common.o
 .debug_aranges
                0x0000000000000da0       0x30 ./rza/fsp/src/bsp/mcu/all/bsp_delay.o
 .debug_aranges
                0x0000000000000dd0      0x2a0 ./rza/fsp/src/bsp/mcu/all/bsp_gicv3.o
 .debug_aranges
                0x0000000000001070       0x20 ./rza/fsp/src/bsp/mcu/all/bsp_io.o
 .debug_aranges
                0x0000000000001090       0x50 ./rza/fsp/src/bsp/mcu/all/bsp_irq.o
 .debug_aranges
                0x00000000000010e0       0x30 ./rza/fsp/src/bsp/cmsis/Device/RENESAS/Source/cache.o
 .debug_aranges
                0x0000000000001110       0x30 ./rza/fsp/src/bsp/cmsis/Device/RENESAS/Source/default_handler.o
 .debug_aranges
                0x0000000000001140       0x30 ./rza/fsp/src/bsp/cmsis/Device/RENESAS/Source/initsect.o
 .debug_aranges
                0x0000000000001170       0x90 ./rza/fsp/src/bsp/cmsis/Device/RENESAS/Source/irq.o
 .debug_aranges
                0x0000000000001200       0x30 ./rza/fsp/src/bsp/cmsis/Device/RENESAS/Source/irqfiq_handler.o
 .debug_aranges
                0x0000000000001230       0x30 ./rza/fsp/src/bsp/cmsis/Device/RENESAS/Source/mmu.o
 .debug_aranges
                0x0000000000001260       0x30 ./rza/fsp/src/bsp/cmsis/Device/RENESAS/Source/program_entry.o
 .debug_aranges
                0x0000000000001290       0x30 ./rza/fsp/src/bsp/cmsis/Device/RENESAS/Source/startup.o
 .debug_aranges
                0x00000000000012c0       0x50 ./rza/fsp/src/bsp/cmsis/Device/RENESAS/Source/system.o
 .debug_aranges
                0x0000000000001310       0x30 ./rza/fsp/src/bsp/cmsis/Device/RENESAS/Source/vector_table.o
 .debug_aranges
                0x0000000000001340       0x30 /home/alex/.local/share/renesas/e2_studio/toolchains/gcc_arm_aarch64/10_2021_07/gcc-arm-10.3-2021.07-x86_64-aarch64-none-elf/bin/../lib/gcc/aarch64-none-elf/10.3.1/../../../../aarch64-none-elf/lib/libg.a(lib_a-memset.o)

.debug_ranges   0x0000000000000000     0x2010
 .debug_ranges  0x0000000000000000      0x230 ./src/SerialCompatibility.o
 .debug_ranges  0x0000000000000230       0x50 ./src/computation.o
 .debug_ranges  0x0000000000000280       0x80 ./src/hal_entry.o
 .debug_ranges  0x0000000000000300       0x90 ./src/i2c_sensor.o
 .debug_ranges  0x0000000000000390       0x30 ./src/mmu_page_table.o
 .debug_ranges  0x00000000000003c0       0x60 ./src/spi_max31723.o
 .debug_ranges  0x0000000000000420       0x20 ./rza_gen/common_data.o
 .debug_ranges  0x0000000000000440       0x20 ./rza_gen/hal_data.o
 .debug_ranges  0x0000000000000460       0x20 ./rza_gen/main.o
 .debug_ranges  0x0000000000000480      0x640 ./rza/fsp/src/r_scif_uart/r_scif_uart.o
 .debug_ranges  0x0000000000000ac0      0x580 ./rza/fsp/src/r_rspi/r_rspi.o
 .debug_ranges  0x0000000000001040      0x840 ./rza/fsp/src/r_riic_master/r_riic_master.o
 .debug_ranges  0x0000000000001880       0xb0 ./rza/fsp/src/r_mmu/r_mmu.o
 .debug_ranges  0x0000000000001930      0x1a0 ./rza/fsp/src/r_ioport/r_ioport.o
 .debug_ranges  0x0000000000001ad0       0x20 ./rza/fsp/src/bsp/mcu/rza3m/bsp_clocks_setup.o
 .debug_ranges  0x0000000000001af0      0x100 ./rza/fsp/src/bsp/mcu/all/bsp_clocks.o
 .debug_ranges  0x0000000000001bf0       0x40 ./rza/fsp/src/bsp/mcu/all/bsp_common.o
 .debug_ranges  0x0000000000001c30       0x20 ./rza/fsp/src/bsp/mcu/all/bsp_delay.o
 .debug_ranges  0x0000000000001c50      0x290 ./rza/fsp/src/bsp/mcu/all/bsp_gicv3.o
 .debug_ranges  0x0000000000001ee0       0x40 ./rza/fsp/src/bsp/mcu/all/bsp_irq.o
 .debug_ranges  0x0000000000001f20       0x20 ./rza/fsp/src/bsp/cmsis/Device/RENESAS/Source/default_handler.o
 .debug_ranges  0x0000000000001f40       0x90 ./rza/fsp/src/bsp/cmsis/Device/RENESAS/Source/irq.o
 .debug_ranges  0x0000000000001fd0       0x40 ./rza/fsp/src/bsp/cmsis/Device/RENESAS/Source/system.o

.debug_line     0x0000000000000000     0xc7cb
 .debug_line    0x0000000000000000      0xefb ./src/SerialCompatibility.o
 .debug_line    0x0000000000000efb       0xc7 ./src/computation.o
 .debug_line    0x0000000000000fc2      0x84d ./src/hal_entry.o
 .debug_line    0x000000000000180f      0x776 ./src/i2c_sensor.o
 .debug_line    0x0000000000001f85      0x330 ./src/mmu_page_table.o
 .debug_line    0x00000000000022b5      0x18b ./src/sections.o
 .debug_line    0x0000000000002440      0x7bc ./src/spi_max31723.o
 .debug_line    0x0000000000002bfc      0x3ef ./rza_gen/common_data.o
 .debug_line    0x0000000000002feb      0x49d ./rza_gen/hal_data.o
 .debug_line    0x0000000000003488       0x5b ./rza_gen/main.o
 .debug_line    0x00000000000034e3      0x2cc ./rza_gen/pin_data.o
 .debug_line    0x00000000000037af      0x103 ./rza_gen/vector_data.o
 .debug_line    0x00000000000038b2     0x17c9 ./rza/fsp/src/r_scif_uart/r_scif_uart.o
 .debug_line    0x000000000000507b     0x14c0 ./rza/fsp/src/r_rspi/r_rspi.o
 .debug_line    0x000000000000653b     0x1a1e ./rza/fsp/src/r_riic_master/r_riic_master.o
 .debug_line    0x0000000000007f59      0x665 ./rza/fsp/src/r_mmu/r_mmu.o
 .debug_line    0x00000000000085be      0xbcb ./rza/fsp/src/r_ioport/r_ioport.o
 .debug_line    0x0000000000009189      0x732 ./rza/fsp/src/bsp/mcu/rza3m/bsp_clocks_setup.o
 .debug_line    0x00000000000098bb       0xc9 ./rza/fsp/src/bsp/mcu/rza3m/bsp_irq_sense.o
 .debug_line    0x0000000000009984      0xb9b ./rza/fsp/src/bsp/mcu/all/bsp_clocks.o
 .debug_line    0x000000000000a51f      0x369 ./rza/fsp/src/bsp/mcu/all/bsp_common.o
 .debug_line    0x000000000000a888      0x32e ./rza/fsp/src/bsp/mcu/all/bsp_delay.o
 .debug_line    0x000000000000abb6      0xae8 ./rza/fsp/src/bsp/mcu/all/bsp_gicv3.o
 .debug_line    0x000000000000b69e      0x209 ./rza/fsp/src/bsp/mcu/all/bsp_io.o
 .debug_line    0x000000000000b8a7      0x3e4 ./rza/fsp/src/bsp/mcu/all/bsp_irq.o
 .debug_line    0x000000000000bc8b      0x153 ./rza/fsp/src/bsp/cmsis/Device/RENESAS/Source/cache.o
 .debug_line    0x000000000000bdde       0x7d ./rza/fsp/src/bsp/cmsis/Device/RENESAS/Source/default_handler.o
 .debug_line    0x000000000000be5b       0xaa ./rza/fsp/src/bsp/cmsis/Device/RENESAS/Source/initsect.o
 .debug_line    0x000000000000bf05      0x101 ./rza/fsp/src/bsp/cmsis/Device/RENESAS/Source/irq.o
 .debug_line    0x000000000000c006       0xb5 ./rza/fsp/src/bsp/cmsis/Device/RENESAS/Source/irqfiq_handler.o
 .debug_line    0x000000000000c0bb       0x6f ./rza/fsp/src/bsp/cmsis/Device/RENESAS/Source/mmu.o
 .debug_line    0x000000000000c12a       0x74 ./rza/fsp/src/bsp/cmsis/Device/RENESAS/Source/program_entry.o
 .debug_line    0x000000000000c19e       0xa1 ./rza/fsp/src/bsp/cmsis/Device/RENESAS/Source/startup.o
 .debug_line    0x000000000000c23f      0x3e5 ./rza/fsp/src/bsp/cmsis/Device/RENESAS/Source/system.o
 .debug_line    0x000000000000c624       0x9b ./rza/fsp/src/bsp/cmsis/Device/RENESAS/Source/vector_table.o
 .debug_line    0x000000000000c6bf      0x10c /home/alex/.local/share/renesas/e2_studio/toolchains/gcc_arm_aarch64/10_2021_07/gcc-arm-10.3-2021.07-x86_64-aarch64-none-elf/bin/../lib/gcc/aarch64-none-elf/10.3.1/../../../../aarch64-none-elf/lib/libg.a(lib_a-memset.o)

.debug_str      0x0000000000000000    0x20846
 .debug_str     0x0000000000000000     0x449a ./src/SerialCompatibility.o
                                       0x45f2 (size before relaxing)
 .debug_str     0x000000000000449a       0x4b ./src/computation.o
                                        0x20f (size before relaxing)
 .debug_str     0x00000000000044e5     0x4f60 ./src/hal_entry.o
                                       0x7543 (size before relaxing)
 .debug_str     0x0000000000009445      0x71a ./src/i2c_sensor.o
                                       0x3cd8 (size before relaxing)
 .debug_str     0x0000000000009b5f      0x162 ./src/mmu_page_table.o
                                       0x1b82 (size before relaxing)
 .debug_str     0x0000000000009cc1      0x157 ./src/sections.o
                                        0x2f1 (size before relaxing)
 .debug_str     0x0000000000009e18      0xcc3 ./src/spi_max31723.o
                                       0x4b0e (size before relaxing)
 .debug_str     0x000000000000aadb      0x72c ./rza_gen/common_data.o
                                       0x2acb (size before relaxing)
 .debug_str     0x000000000000b207      0xb38 ./rza_gen/hal_data.o
                                       0x5b46 (size before relaxing)
 .debug_str     0x000000000000bd3f       0x12 ./rza_gen/main.o
                                        0x1ad (size before relaxing)
 .debug_str     0x000000000000bd51      0x51f ./rza_gen/pin_data.o
                                       0x11ee (size before relaxing)
 .debug_str     0x000000000000c270       0x35 ./rza_gen/vector_data.o
                                       0x12bd (size before relaxing)
 .debug_str     0x000000000000c2a5     0x2aaa ./rza/fsp/src/r_scif_uart/r_scif_uart.o
                                       0x73da (size before relaxing)
 .debug_str     0x000000000000ed4f      0x206 ./rza/fsp/src/r_rspi/r_rspi.o
                                       0x6b5c (size before relaxing)
 .debug_str     0x000000000000ef55      0x36a ./rza/fsp/src/r_riic_master/r_riic_master.o
                                       0x69b3 (size before relaxing)
 .debug_str     0x000000000000f2bf      0x1ef ./rza/fsp/src/r_mmu/r_mmu.o
                                       0x1e7d (size before relaxing)
 .debug_str     0x000000000000f4ae      0x48f ./rza/fsp/src/r_ioport/r_ioport.o
                                       0x7a15 (size before relaxing)
 .debug_str     0x000000000000f93d       0x3e ./rza/fsp/src/bsp/mcu/rza3m/bsp_clocks_setup.o
                                       0x23d8 (size before relaxing)
 .debug_str     0x000000000000f97b       0x2d ./rza/fsp/src/bsp/mcu/rza3m/bsp_irq_sense.o
                                        0x207 (size before relaxing)
 .debug_str     0x000000000000f9a8      0x53b ./rza/fsp/src/bsp/mcu/all/bsp_clocks.o
                                       0x43be (size before relaxing)
 .debug_str     0x000000000000fee3       0xfe ./rza/fsp/src/bsp/mcu/all/bsp_common.o
                                       0x1bfa (size before relaxing)
 .debug_str     0x000000000000ffe1       0x91 ./rza/fsp/src/bsp/mcu/all/bsp_delay.o
                                        0x2cd (size before relaxing)
 .debug_str     0x0000000000010072    0x10312 ./rza/fsp/src/bsp/mcu/all/bsp_gicv3.o
                                      0x10a8e (size before relaxing)
 .debug_str     0x0000000000020384       0x24 ./rza/fsp/src/bsp/mcu/all/bsp_io.o
                                        0x1d6 (size before relaxing)
 .debug_str     0x00000000000203a8       0xbe ./rza/fsp/src/bsp/mcu/all/bsp_irq.o
                                       0x14ec (size before relaxing)
 .debug_str     0x0000000000020466       0x47 ./rza/fsp/src/bsp/cmsis/Device/RENESAS/Source/cache.o
                                         0x87 (size before relaxing)
 .debug_str     0x00000000000204ad       0x51 ./rza/fsp/src/bsp/cmsis/Device/RENESAS/Source/default_handler.o
                                        0x1d7 (size before relaxing)
 .debug_str     0x00000000000204fe       0x3c ./rza/fsp/src/bsp/cmsis/Device/RENESAS/Source/initsect.o
                                         0x8a (size before relaxing)
 .debug_str     0x000000000002053a       0x37 ./rza/fsp/src/bsp/cmsis/Device/RENESAS/Source/irq.o
                                         0x85 (size before relaxing)
 .debug_str     0x0000000000020571       0x42 ./rza/fsp/src/bsp/cmsis/Device/RENESAS/Source/irqfiq_handler.o
                                         0x90 (size before relaxing)
 .debug_str     0x00000000000205b3       0x37 ./rza/fsp/src/bsp/cmsis/Device/RENESAS/Source/mmu.o
                                         0x85 (size before relaxing)
 .debug_str     0x00000000000205ea       0x41 ./rza/fsp/src/bsp/cmsis/Device/RENESAS/Source/program_entry.o
                                         0x8f (size before relaxing)
 .debug_str     0x000000000002062b       0x3b ./rza/fsp/src/bsp/cmsis/Device/RENESAS/Source/startup.o
                                         0x89 (size before relaxing)
 .debug_str     0x0000000000020666       0xc0 ./rza/fsp/src/bsp/cmsis/Device/RENESAS/Source/system.o
                                        0x34e (size before relaxing)
 .debug_str     0x0000000000020726       0x40 ./rza/fsp/src/bsp/cmsis/Device/RENESAS/Source/vector_table.o
                                         0x8e (size before relaxing)
 .debug_str     0x0000000000020766       0xe0 /home/alex/.local/share/renesas/e2_studio/toolchains/gcc_arm_aarch64/10_2021_07/gcc-arm-10.3-2021.07-x86_64-aarch64-none-elf/bin/../lib/gcc/aarch64-none-elf/10.3.1/../../../../aarch64-none-elf/lib/libg.a(lib_a-memset.o)
                                         0xee (size before relaxing)

.debug_frame    0x0000000000000000     0x1be8
 .debug_frame   0x0000000000000000       0x40 ./src/mmu_page_table.o
 .debug_frame   0x0000000000000040       0x28 ./rza_gen/common_data.o
 .debug_frame   0x0000000000000068       0x38 ./rza_gen/hal_data.o
 .debug_frame   0x00000000000000a0       0x38 ./rza_gen/main.o
 .debug_frame   0x00000000000000d8      0x3e0 ./rza/fsp/src/r_scif_uart/r_scif_uart.o
 .debug_frame   0x00000000000004b8      0x368 ./rza/fsp/src/r_rspi/r_rspi.o
 .debug_frame   0x0000000000000820      0x520 ./rza/fsp/src/r_riic_master/r_riic_master.o
 .debug_frame   0x0000000000000d40      0x100 ./rza/fsp/src/r_mmu/r_mmu.o
 .debug_frame   0x0000000000000e40      0x348 ./rza/fsp/src/r_ioport/r_ioport.o
 .debug_frame   0x0000000000001188       0x40 ./rza/fsp/src/bsp/mcu/rza3m/bsp_clocks_setup.o
 .debug_frame   0x00000000000011c8      0x198 ./rza/fsp/src/bsp/mcu/all/bsp_clocks.o
 .debug_frame   0x0000000000001360       0x58 ./rza/fsp/src/bsp/mcu/all/bsp_common.o
 .debug_frame   0x00000000000013b8       0x38 ./rza/fsp/src/bsp/mcu/all/bsp_delay.o
 .debug_frame   0x00000000000013f0      0x570 ./rza/fsp/src/bsp/mcu/all/bsp_gicv3.o
 .debug_frame   0x0000000000001960       0x98 ./rza/fsp/src/bsp/mcu/all/bsp_irq.o
 .debug_frame   0x00000000000019f8      0x118 ./rza/fsp/src/bsp/cmsis/Device/RENESAS/Source/cache.o
 .debug_frame   0x0000000000001b10       0x28 ./rza/fsp/src/bsp/cmsis/Device/RENESAS/Source/default_handler.o
 .debug_frame   0x0000000000001b38       0x40 ./rza/fsp/src/bsp/cmsis/Device/RENESAS/Source/mmu.o
 .debug_frame   0x0000000000001b78       0x70 ./rza/fsp/src/bsp/cmsis/Device/RENESAS/Source/system.o
